Archive member included to satisfy reference by file (symbol)

c:/avr-gcc-7.2.0-x64-mingw/bin/../lib/gcc/avr/7.2.0/../../../../avr/lib/avr5\libm.a(fixsfsi.o)
                              obj_gh60_lufa/common/mousekey.o (__fixsfsi)
c:/avr-gcc-7.2.0-x64-mingw/bin/../lib/gcc/avr/7.2.0/../../../../avr/lib/avr5\libm.a(fixunssfsi.o)
                              c:/avr-gcc-7.2.0-x64-mingw/bin/../lib/gcc/avr/7.2.0/../../../../avr/lib/avr5\libm.a(fixsfsi.o) (__fixunssfsi)
c:/avr-gcc-7.2.0-x64-mingw/bin/../lib/gcc/avr/7.2.0/../../../../avr/lib/avr5\libm.a(floatsisf.o)
                              obj_gh60_lufa/common/mousekey.o (__floatsisf)
c:/avr-gcc-7.2.0-x64-mingw/bin/../lib/gcc/avr/7.2.0/../../../../avr/lib/avr5\libm.a(fp_split3.o)
                              c:/avr-gcc-7.2.0-x64-mingw/bin/../lib/gcc/avr/7.2.0/../../../../avr/lib/avr5\libm.a(fixunssfsi.o) (__fp_splitA)
c:/avr-gcc-7.2.0-x64-mingw/bin/../lib/gcc/avr/7.2.0/../../../../avr/lib/avr5\libm.a(fp_zero.o)
                              c:/avr-gcc-7.2.0-x64-mingw/bin/../lib/gcc/avr/7.2.0/../../../../avr/lib/avr5\libm.a(fixunssfsi.o) (__fp_zero)
c:/avr-gcc-7.2.0-x64-mingw/bin/../lib/gcc/avr/7.2.0/../../../../avr/lib/avr5\libm.a(mulsf3.o)
                              obj_gh60_lufa/common/mousekey.o (__mulsf3)
c:/avr-gcc-7.2.0-x64-mingw/bin/../lib/gcc/avr/7.2.0/../../../../avr/lib/avr5\libm.a(mulsf3x.o)
                              c:/avr-gcc-7.2.0-x64-mingw/bin/../lib/gcc/avr/7.2.0/../../../../avr/lib/avr5\libm.a(mulsf3.o) (__mulsf3x)
c:/avr-gcc-7.2.0-x64-mingw/bin/../lib/gcc/avr/7.2.0/../../../../avr/lib/avr5\libm.a(fp_inf.o)
                              c:/avr-gcc-7.2.0-x64-mingw/bin/../lib/gcc/avr/7.2.0/../../../../avr/lib/avr5\libm.a(mulsf3x.o) (__fp_inf)
c:/avr-gcc-7.2.0-x64-mingw/bin/../lib/gcc/avr/7.2.0/../../../../avr/lib/avr5\libm.a(fp_nan.o)
                              c:/avr-gcc-7.2.0-x64-mingw/bin/../lib/gcc/avr/7.2.0/../../../../avr/lib/avr5\libm.a(mulsf3x.o) (__fp_nan)
c:/avr-gcc-7.2.0-x64-mingw/bin/../lib/gcc/avr/7.2.0/../../../../avr/lib/avr5\libm.a(fp_pscA.o)
                              c:/avr-gcc-7.2.0-x64-mingw/bin/../lib/gcc/avr/7.2.0/../../../../avr/lib/avr5\libm.a(mulsf3x.o) (__fp_pscA)
c:/avr-gcc-7.2.0-x64-mingw/bin/../lib/gcc/avr/7.2.0/../../../../avr/lib/avr5\libm.a(fp_pscB.o)
                              c:/avr-gcc-7.2.0-x64-mingw/bin/../lib/gcc/avr/7.2.0/../../../../avr/lib/avr5\libm.a(mulsf3x.o) (__fp_pscB)
c:/avr-gcc-7.2.0-x64-mingw/bin/../lib/gcc/avr/7.2.0/../../../../avr/lib/avr5\libm.a(fp_round.o)
                              c:/avr-gcc-7.2.0-x64-mingw/bin/../lib/gcc/avr/7.2.0/../../../../avr/lib/avr5\libm.a(mulsf3.o) (__fp_round)
c:/avr-gcc-7.2.0-x64-mingw/bin/../lib/gcc/avr/7.2.0/avr5\libgcc.a(_udivmodqi4.o)
                              obj_gh60_lufa/protocol/lufa/lufa.o (__udivmodqi4)
c:/avr-gcc-7.2.0-x64-mingw/bin/../lib/gcc/avr/7.2.0/avr5\libgcc.a(_divmodhi4.o)
                              obj_gh60_lufa/common/mousekey.o (__divmodhi4)
c:/avr-gcc-7.2.0-x64-mingw/bin/../lib/gcc/avr/7.2.0/avr5\libgcc.a(_exit.o)
                              c:/avr-gcc-7.2.0-x64-mingw/bin/../lib/gcc/avr/7.2.0/../../../../avr/lib/avr5/crtatmega32u4.o (exit)
c:/avr-gcc-7.2.0-x64-mingw/bin/../lib/gcc/avr/7.2.0/avr5\libgcc.a(_tablejump2.o)
                              obj_gh60_lufa/protocol/lufa/LUFA-git/LUFA/Drivers/USB/Core/DeviceStandardReq.o (__tablejump2__)
c:/avr-gcc-7.2.0-x64-mingw/bin/../lib/gcc/avr/7.2.0/avr5\libgcc.a(_copy_data.o)
                              obj_gh60_lufa/matrix.o (__do_copy_data)
c:/avr-gcc-7.2.0-x64-mingw/bin/../lib/gcc/avr/7.2.0/avr5\libgcc.a(_clear_bss.o)
                              obj_gh60_lufa/matrix.o (__do_clear_bss)
c:/avr-gcc-7.2.0-x64-mingw/bin/../lib/gcc/avr/7.2.0/avr5\libgcc.a(_udivmodhi4.o)
                              c:/avr-gcc-7.2.0-x64-mingw/bin/../lib/gcc/avr/7.2.0/avr5\libgcc.a(_divmodhi4.o) (__udivmodhi4)
c:/avr-gcc-7.2.0-x64-mingw/bin/../lib/gcc/avr/7.2.0/../../../../avr/lib/avr5\libatmega32u4.a(eerd_byte.o)
                              obj_gh60_lufa/protocol/lufa/LUFA-git/LUFA/Drivers/USB/Core/AVR8/EndpointStream_AVR8.o (eeprom_read_byte)
c:/avr-gcc-7.2.0-x64-mingw/bin/../lib/gcc/avr/7.2.0/../../../../avr/lib/avr5\libatmega32u4.a(eerd_word.o)
                              obj_gh60_lufa/common/avr/eeconfig.o (eeprom_read_word)
c:/avr-gcc-7.2.0-x64-mingw/bin/../lib/gcc/avr/7.2.0/../../../../avr/lib/avr5\libatmega32u4.a(eeupd_byte.o)
                              obj_gh60_lufa/protocol/lufa/LUFA-git/LUFA/Drivers/USB/Core/AVR8/EndpointStream_AVR8.o (eeprom_update_byte)
c:/avr-gcc-7.2.0-x64-mingw/bin/../lib/gcc/avr/7.2.0/../../../../avr/lib/avr5\libatmega32u4.a(eewr_byte.o)
                              obj_gh60_lufa/common/avr/eeconfig.o (eeprom_write_byte)
c:/avr-gcc-7.2.0-x64-mingw/bin/../lib/gcc/avr/7.2.0/../../../../avr/lib/avr5\libatmega32u4.a(eewr_word.o)
                              obj_gh60_lufa/common/avr/eeconfig.o (eeprom_write_word)
[...]
Memory Configuration

Name             Origin             Length             Attributes
text             0x0000000000000000 0x0000000000020000 xr
data             0x0000000000800060 0x000000000000ffa0 rw !x
eeprom           0x0000000000810000 0x0000000000010000 rw !x
fuse             0x0000000000820000 0x0000000000000400 rw !x
lock             0x0000000000830000 0x0000000000000400 rw !x
signature        0x0000000000840000 0x0000000000000400 rw !x
user_signatures  0x0000000000850000 0x0000000000000400 rw !x
*default*        0x0000000000000000 0xffffffffffffffff

Linker script and memory map

Address of section .data set to 0x800100
LOAD c:/avr-gcc-7.2.0-x64-mingw/bin/../lib/gcc/avr/7.2.0/../../../../avr/lib/avr5/crtatmega32u4.o
LOAD obj_gh60_lufa/keymap_poker.o
LOAD obj_gh60_lufa/matrix.o
LOAD obj_gh60_lufa/led.o
LOAD obj_gh60_lufa/protocol/lufa/lufa.o
LOAD obj_gh60_lufa/protocol/lufa/descriptor.o
LOAD obj_gh60_lufa/protocol/lufa/LUFA-git/LUFA/Drivers/USB/Class/Common/HIDParser.o
LOAD obj_gh60_lufa/protocol/lufa/LUFA-git/LUFA/Drivers/USB/Core/AVR8/Device_AVR8.o
LOAD obj_gh60_lufa/protocol/lufa/LUFA-git/LUFA/Drivers/USB/Core/AVR8/EndpointStream_AVR8.o
LOAD obj_gh60_lufa/protocol/lufa/LUFA-git/LUFA/Drivers/USB/Core/AVR8/Endpoint_AVR8.o
LOAD obj_gh60_lufa/protocol/lufa/LUFA-git/LUFA/Drivers/USB/Core/AVR8/Host_AVR8.o
LOAD obj_gh60_lufa/protocol/lufa/LUFA-git/LUFA/Drivers/USB/Core/AVR8/PipeStream_AVR8.o
LOAD obj_gh60_lufa/protocol/lufa/LUFA-git/LUFA/Drivers/USB/Core/AVR8/Pipe_AVR8.o
LOAD obj_gh60_lufa/protocol/lufa/LUFA-git/LUFA/Drivers/USB/Core/AVR8/USBController_AVR8.o
LOAD obj_gh60_lufa/protocol/lufa/LUFA-git/LUFA/Drivers/USB/Core/AVR8/USBInterrupt_AVR8.o
LOAD obj_gh60_lufa/protocol/lufa/LUFA-git/LUFA/Drivers/USB/Core/ConfigDescriptors.o
LOAD obj_gh60_lufa/protocol/lufa/LUFA-git/LUFA/Drivers/USB/Core/DeviceStandardReq.o
LOAD obj_gh60_lufa/protocol/lufa/LUFA-git/LUFA/Drivers/USB/Core/Events.o
LOAD obj_gh60_lufa/protocol/lufa/LUFA-git/LUFA/Drivers/USB/Core/HostStandardReq.o
LOAD obj_gh60_lufa/protocol/lufa/LUFA-git/LUFA/Drivers/USB/Core/USBTask.o
LOAD obj_gh60_lufa/common/host.o
LOAD obj_gh60_lufa/common/keyboard.o
LOAD obj_gh60_lufa/common/matrix.o
LOAD obj_gh60_lufa/common/action.o
LOAD obj_gh60_lufa/common/action_tapping.o
LOAD obj_gh60_lufa/common/action_macro.o
LOAD obj_gh60_lufa/common/action_layer.o
LOAD obj_gh60_lufa/common/action_util.o
LOAD obj_gh60_lufa/common/print.o
LOAD obj_gh60_lufa/common/debug.o
LOAD obj_gh60_lufa/common/util.o
LOAD obj_gh60_lufa/common/hook.o
LOAD obj_gh60_lufa/common/avr/suspend.o
LOAD obj_gh60_lufa/common/avr/xprintf.o
LOAD obj_gh60_lufa/common/avr/timer.o
LOAD obj_gh60_lufa/common/avr/bootloader.o
LOAD obj_gh60_lufa/common/keymap.o
LOAD obj_gh60_lufa/common/bootmagic.o
LOAD obj_gh60_lufa/common/avr/eeconfig.o
LOAD obj_gh60_lufa/common/mousekey.o
LOAD obj_gh60_lufa/common/command.o
LOAD c:/avr-gcc-7.2.0-x64-mingw/bin/../lib/gcc/avr/7.2.0/../../../../avr/lib/avr5\libm.a
START GROUP
LOAD c:/avr-gcc-7.2.0-x64-mingw/bin/../lib/gcc/avr/7.2.0/avr5\libgcc.a
LOAD c:/avr-gcc-7.2.0-x64-mingw/bin/../lib/gcc/avr/7.2.0/../../../../avr/lib/avr5\libm.a
LOAD c:/avr-gcc-7.2.0-x64-mingw/bin/../lib/gcc/avr/7.2.0/../../../../avr/lib/avr5\libc.a
LOAD c:/avr-gcc-7.2.0-x64-mingw/bin/../lib/gcc/avr/7.2.0/../../../../avr/lib/avr5\libatmega32u4.a
END GROUP
                0x0000000000020000                __TEXT_REGION_LENGTH__ = DEFINED (__TEXT_REGION_LENGTH__)?__TEXT_REGION_LENGTH__:0x20000
                0x000000000000ffa0                __DATA_REGION_LENGTH__ = DEFINED (__DATA_REGION_LENGTH__)?__DATA_REGION_LENGTH__:0xffa0
                0x0000000000010000                __EEPROM_REGION_LENGTH__ = DEFINED (__EEPROM_REGION_LENGTH__)?__EEPROM_REGION_LENGTH__:0x10000
                0x0000000000000400                __FUSE_REGION_LENGTH__ = DEFINED (__FUSE_REGION_LENGTH__)?__FUSE_REGION_LENGTH__:0x400
                0x0000000000000400                __LOCK_REGION_LENGTH__ = DEFINED (__LOCK_REGION_LENGTH__)?__LOCK_REGION_LENGTH__:0x400
                0x0000000000000400                __SIGNATURE_REGION_LENGTH__ = DEFINED (__SIGNATURE_REGION_LENGTH__)?__SIGNATURE_REGION_LENGTH__:0x400
                0x0000000000000400                __USER_SIGNATURE_REGION_LENGTH__ = DEFINED (__USER_SIGNATURE_REGION_LENGTH__)?__USER_SIGNATURE_REGION_LENGTH__:0x400

.hash
 *(.hash)

.dynsym
 *(.dynsym)

.dynstr
 *(.dynstr)

.gnu.version
 *(.gnu.version)

.gnu.version_d
 *(.gnu.version_d)

.gnu.version_r
 *(.gnu.version_r)

.rel.init
 *(.rel.init)

.rela.init
 *(.rela.init)

.rel.text
 *(.rel.text)
 *(.rel.text.*)
 *(.rel.gnu.linkonce.t*)

.rela.text
 *(.rela.text)
 *(.rela.text.*)
 *(.rela.gnu.linkonce.t*)

.rel.fini
 *(.rel.fini)

.rela.fini
 *(.rela.fini)

.rel.rodata
 *(.rel.rodata)
 *(.rel.rodata.*)
 *(.rel.gnu.linkonce.r*)

.rela.rodata
 *(.rela.rodata)
 *(.rela.rodata.*)
 *(.rela.gnu.linkonce.r*)

.rel.data
 *(.rel.data)
 *(.rel.data.*)
 *(.rel.gnu.linkonce.d*)

.rela.data
 *(.rela.data)
 *(.rela.data.*)
 *(.rela.gnu.linkonce.d*)

.rel.ctors
 *(.rel.ctors)

.rela.ctors
 *(.rela.ctors)

.rel.dtors
 *(.rel.dtors)

.rela.dtors
 *(.rela.dtors)

.rel.got
 *(.rel.got)

.rela.got
 *(.rela.got)

.rel.bss
 *(.rel.bss)

.rela.bss
 *(.rela.bss)

.rel.plt
 *(.rel.plt)

.rela.plt
 *(.rela.plt)

.text           0x0000000000000000     0x5496
 *(.vectors)
 .vectors       0x0000000000000000       0xac c:/avr-gcc-7.2.0-x64-mingw/bin/../lib/gcc/avr/7.2.0/../../../../avr/lib/avr5/crtatmega32u4.o
                0x0000000000000000                __vector_default
                0x0000000000000000                __vectors
 *(.vectors)
 *(.progmem.gcc*)
                0x00000000000000ac                . = ALIGN (0x2)
                0x00000000000000ac                __trampolines_start = .
 *(.trampolines)
 .trampolines   0x00000000000000ac        0x0 linker stubs
 *(.trampolines*)
                0x00000000000000ac                __trampolines_end = .
 *libprintf_flt.a:*(.progmem.data)
 *libc.a:*(.progmem.data)
 *(.progmem*)
 .progmem.data.fn_actions
                0x00000000000000ac        0x0 obj_gh60_lufa/keymap_poker.o
                0x00000000000000ac                fn_actions
 .progmem.data.keymaps
                0x00000000000000ac       0xd8 obj_gh60_lufa/keymap_poker.o
                0x00000000000000ac                keymaps
 .progmem.data.__c.1891
                0x0000000000000184        0x2 obj_gh60_lufa/matrix.o
 .progmem.data.__c.1889
                0x0000000000000186        0x5 obj_gh60_lufa/matrix.o
 .progmem.data.__c.1887
                0x000000000000018b        0xa obj_gh60_lufa/matrix.o
 .progmem.data.__c.4928
                0x0000000000000195       0x11 obj_gh60_lufa/protocol/lufa/lufa.o
 .progmem.data.__c.4926
                0x00000000000001a6       0x11 obj_gh60_lufa/protocol/lufa/lufa.o
 .progmem.data.__c.4921
                0x00000000000001b7        0x8 obj_gh60_lufa/protocol/lufa/lufa.o
 .progmem.data.__c.4819
                0x00000000000001bf        0x4 obj_gh60_lufa/protocol/lufa/lufa.o
 .progmem.data.__c.4814
                0x00000000000001c3        0x4 obj_gh60_lufa/protocol/lufa/lufa.o
 .progmem.data.ProductString
                0x00000000000001c7        0xc obj_gh60_lufa/protocol/lufa/descriptor.o
                0x00000000000001c7                ProductString
 .progmem.data.ManufacturerString
                0x00000000000001d3       0x14 obj_gh60_lufa/protocol/lufa/descriptor.o
                0x00000000000001d3                ManufacturerString
 .progmem.data.LanguageString
                0x00000000000001e7        0x4 obj_gh60_lufa/protocol/lufa/descriptor.o
                0x00000000000001e7                LanguageString
 .progmem.data.ConfigurationDescriptor
                0x00000000000001eb       0x74 obj_gh60_lufa/protocol/lufa/descriptor.o
                0x00000000000001eb                ConfigurationDescriptor
 .progmem.data.DeviceDescriptor
                0x000000000000025f       0x12 obj_gh60_lufa/protocol/lufa/descriptor.o
                0x000000000000025f                DeviceDescriptor
 .progmem.data.ConsoleReport
                0x0000000000000271       0x22 obj_gh60_lufa/protocol/lufa/descriptor.o
                0x0000000000000271                ConsoleReport
 .progmem.data.ExtrakeyReport
                0x0000000000000293       0x36 obj_gh60_lufa/protocol/lufa/descriptor.o
                0x0000000000000293                ExtrakeyReport
 .progmem.data.MouseReport
                0x00000000000002c9       0x4d obj_gh60_lufa/protocol/lufa/descriptor.o
                0x00000000000002c9                MouseReport
 .progmem.data.KeyboardReport
                0x0000000000000316       0x40 obj_gh60_lufa/protocol/lufa/descriptor.o
                0x0000000000000316                KeyboardReport
 .progmem.data.__c.2088
                0x0000000000000356       0x10 obj_gh60_lufa/common/host.o
 .progmem.data.__c.2083
                0x0000000000000366        0xe obj_gh60_lufa/common/host.o
 .progmem.data.__c.2075
                0x0000000000000374        0x2 obj_gh60_lufa/common/host.o
 .progmem.data.__c.2070
                0x0000000000000376        0x6 obj_gh60_lufa/common/host.o
 .progmem.data.__c.2067
                0x000000000000037c        0xb obj_gh60_lufa/common/host.o
 .progmem.data.__c.2431
                0x0000000000000387        0xb obj_gh60_lufa/common/keyboard.o
 .progmem.data.__c.1747
                0x0000000000000392        0xf obj_gh60_lufa/common/matrix.o
 .progmem.data.__c.1744
                0x00000000000003a1       0x26 obj_gh60_lufa/common/matrix.o
 .progmem.data.__c.2510
                0x00000000000003c7        0x7 obj_gh60_lufa/common/bootmagic.o
 .progmem.data.__c.2504
                0x00000000000003ce       0x15 obj_gh60_lufa/common/bootmagic.o
 .progmem.data.__c.2148
                0x00000000000003e3        0x3 obj_gh60_lufa/common/mousekey.o
 .progmem.data.__c.2146
                0x00000000000003e6        0x3 obj_gh60_lufa/common/mousekey.o
 .progmem.data.__c.2144
                0x00000000000003e9        0x2 obj_gh60_lufa/common/mousekey.o
 .progmem.data.__c.2142
                0x00000000000003eb        0x3 obj_gh60_lufa/common/mousekey.o
 .progmem.data.__c.2140
                0x00000000000003ee        0x3 obj_gh60_lufa/common/mousekey.o
 .progmem.data.__c.2138
                0x00000000000003f1        0x3 obj_gh60_lufa/common/mousekey.o
 .progmem.data.__c.2136
                0x00000000000003f4        0x2 obj_gh60_lufa/common/mousekey.o
 .progmem.data.__c.2134
                0x00000000000003f6        0x3 obj_gh60_lufa/common/mousekey.o
 .progmem.data.__c.2132
                0x00000000000003f9        0x2 obj_gh60_lufa/common/mousekey.o
 .progmem.data.__c.2130
                0x00000000000003fb        0x3 obj_gh60_lufa/common/mousekey.o
 .progmem.data.__c.2128
                0x00000000000003fe        0x2 obj_gh60_lufa/common/mousekey.o
 .progmem.data.__c.2126
                0x0000000000000400        0x3 obj_gh60_lufa/common/mousekey.o
 .progmem.data.__c.2124
                0x0000000000000403        0x2 obj_gh60_lufa/common/mousekey.o
 .progmem.data.__c.2122
                0x0000000000000405        0x5 obj_gh60_lufa/common/mousekey.o
 .progmem.data.__c.2120
                0x000000000000040a       0x23 obj_gh60_lufa/common/mousekey.o
 .progmem.data.__c.2876
                0x000000000000042d       0x1b obj_gh60_lufa/common/command.o
 .progmem.data.__c.2873
                0x0000000000000448       0x19 obj_gh60_lufa/common/command.o
 .progmem.data.__c.2870
                0x0000000000000461       0x15 obj_gh60_lufa/common/command.o
 .progmem.data.__c.2867
                0x0000000000000476       0x13 obj_gh60_lufa/common/command.o
 .progmem.data.__c.2864
                0x0000000000000489       0x12 obj_gh60_lufa/common/command.o
 .progmem.data.__c.2860
                0x000000000000049b        0xf obj_gh60_lufa/common/command.o
 .progmem.data.__c.2853
                0x00000000000004aa       0x1b obj_gh60_lufa/common/command.o
 .progmem.data.__c.2850
                0x00000000000004c5       0x19 obj_gh60_lufa/common/command.o
 .progmem.data.__c.2847
                0x00000000000004de       0x15 obj_gh60_lufa/common/command.o
 .progmem.data.__c.2844
                0x00000000000004f3       0x13 obj_gh60_lufa/common/command.o
 .progmem.data.__c.2841
                0x0000000000000506       0x12 obj_gh60_lufa/common/command.o
 .progmem.data.__c.2837
                0x0000000000000518        0xf obj_gh60_lufa/common/command.o
 .progmem.data.__c.2830
                0x0000000000000527        0x2 obj_gh60_lufa/common/command.o
 .progmem.data.__c.2828
                0x0000000000000529        0x3 obj_gh60_lufa/common/command.o
 .progmem.data.__c.2826
                0x000000000000052c       0x17 obj_gh60_lufa/common/command.o
 .progmem.data.__c.2824
                0x0000000000000543        0x2 obj_gh60_lufa/common/command.o
 .progmem.data.__c.2822
                0x0000000000000545        0x3 obj_gh60_lufa/common/command.o
 .progmem.data.__c.2820
                0x0000000000000548       0x15 obj_gh60_lufa/common/command.o
 .progmem.data.__c.2818
                0x000000000000055d        0x2 obj_gh60_lufa/common/command.o
 .progmem.data.__c.2816
                0x000000000000055f        0x3 obj_gh60_lufa/common/command.o
 .progmem.data.__c.2814
                0x0000000000000562       0x11 obj_gh60_lufa/common/command.o
 .progmem.data.__c.2812
                0x0000000000000573        0x2 obj_gh60_lufa/common/command.o
 .progmem.data.__c.2810
                0x0000000000000575        0x3 obj_gh60_lufa/common/command.o
 .progmem.data.__c.2808
                0x0000000000000578        0xf obj_gh60_lufa/common/command.o
 .progmem.data.__c.2806
                0x0000000000000587        0x2 obj_gh60_lufa/common/command.o
 .progmem.data.__c.2804
                0x0000000000000589        0x3 obj_gh60_lufa/common/command.o
 .progmem.data.__c.2802
                0x000000000000058c       0x12 obj_gh60_lufa/common/command.o
 .progmem.data.__c.2800
                0x000000000000059e        0x2 obj_gh60_lufa/common/command.o
 .progmem.data.__c.2798
                0x00000000000005a0        0x3 obj_gh60_lufa/common/command.o
 .progmem.data.__c.2796
                0x00000000000005a3       0x12 obj_gh60_lufa/common/command.o
 .progmem.data.__c.2794
                0x00000000000005b5        0xe obj_gh60_lufa/common/command.o
 .progmem.data.__c.2914
                0x00000000000005c3        0x3 obj_gh60_lufa/common/command.o
 .progmem.data.__c.2912
                0x00000000000005c6        0x6 obj_gh60_lufa/common/command.o
 .progmem.data.__c.2910
                0x00000000000005cc        0x2 obj_gh60_lufa/common/command.o
 .progmem.data.__c.2907
                0x00000000000005ce        0xd obj_gh60_lufa/common/command.o
 .progmem.data.__c.2893
                0x00000000000005db        0x4 obj_gh60_lufa/common/command.o
 .progmem.data.__c.2883
                0x00000000000005df       0x4e obj_gh60_lufa/common/command.o
 .progmem.data.__c.2881
                0x000000000000062d       0xfb obj_gh60_lufa/common/command.o
 .progmem.data.__c.2786
                0x0000000000000728        0x2 obj_gh60_lufa/common/command.o
 .progmem.data.__c.2783
                0x000000000000072a        0x4 obj_gh60_lufa/common/command.o
 .progmem.data.__c.2788
                0x000000000000072e        0x4 obj_gh60_lufa/common/command.o
 .progmem.data.__c.2932
                0x0000000000000732        0x5 obj_gh60_lufa/common/command.o
 .progmem.data.__c.2772
                0x0000000000000737       0x27 obj_gh60_lufa/common/command.o
 .progmem.data.__c.2604
                0x000000000000075e       0x9d obj_gh60_lufa/common/command.o
 .progmem.data.__c.2699
                0x00000000000007fb        0x2 obj_gh60_lufa/common/command.o
 .progmem.data.__c.2697
                0x00000000000007fd        0x3 obj_gh60_lufa/common/command.o
 .progmem.data.__c.2695
                0x0000000000000800        0x8 obj_gh60_lufa/common/command.o
 .progmem.data.__c.2693
                0x0000000000000808        0x2 obj_gh60_lufa/common/command.o
 .progmem.data.__c.2691
                0x000000000000080a        0x3 obj_gh60_lufa/common/command.o
 .progmem.data.__c.2689
                0x000000000000080d       0x1c obj_gh60_lufa/common/command.o
 .progmem.data.__c.2687
                0x0000000000000829        0x2 obj_gh60_lufa/common/command.o
 .progmem.data.__c.2685
                0x000000000000082b        0x3 obj_gh60_lufa/common/command.o
 .progmem.data.__c.2683
                0x000000000000082e       0x12 obj_gh60_lufa/common/command.o
 .progmem.data.__c.2681
                0x0000000000000840        0x2 obj_gh60_lufa/common/command.o
 .progmem.data.__c.2679
                0x0000000000000842        0x3 obj_gh60_lufa/common/command.o
 .progmem.data.__c.2677
                0x0000000000000845        0xa obj_gh60_lufa/common/command.o
 .progmem.data.__c.2675
                0x000000000000084f        0x2 obj_gh60_lufa/common/command.o
 .progmem.data.__c.2673
                0x0000000000000851        0x3 obj_gh60_lufa/common/command.o
 .progmem.data.__c.2671
                0x0000000000000854       0x12 obj_gh60_lufa/common/command.o
 .progmem.data.__c.2669
                0x0000000000000866        0x2 obj_gh60_lufa/common/command.o
 .progmem.data.__c.2667
                0x0000000000000868        0x3 obj_gh60_lufa/common/command.o
 .progmem.data.__c.2665
                0x000000000000086b       0x12 obj_gh60_lufa/common/command.o
 .progmem.data.__c.2663
                0x000000000000087d        0x2 obj_gh60_lufa/common/command.o
 .progmem.data.__c.2661
                0x000000000000087f        0x3 obj_gh60_lufa/common/command.o
 .progmem.data.__c.2659
                0x0000000000000882       0x17 obj_gh60_lufa/common/command.o
 .progmem.data.__c.2657
                0x0000000000000899        0x2 obj_gh60_lufa/common/command.o
 .progmem.data.__c.2655
                0x000000000000089b        0x3 obj_gh60_lufa/common/command.o
 .progmem.data.__c.2653
                0x000000000000089e       0x19 obj_gh60_lufa/common/command.o
 .progmem.data.__c.2651
                0x00000000000008b7        0x2 obj_gh60_lufa/common/command.o
 .progmem.data.__c.2649
                0x00000000000008b9        0x5 obj_gh60_lufa/common/command.o
 .progmem.data.__c.2647
                0x00000000000008be       0x14 obj_gh60_lufa/common/command.o
 .progmem.data.__c.2644
                0x00000000000008d2        0x2 obj_gh60_lufa/common/command.o
 .progmem.data.__c.2642
                0x00000000000008d4        0x3 obj_gh60_lufa/common/command.o
 .progmem.data.__c.2640
                0x00000000000008d7        0x9 obj_gh60_lufa/common/command.o
 .progmem.data.__c.2638
                0x00000000000008e0        0x2 obj_gh60_lufa/common/command.o
 .progmem.data.__c.2636
                0x00000000000008e2        0x3 obj_gh60_lufa/common/command.o
 .progmem.data.__c.2634
                0x00000000000008e5        0xc obj_gh60_lufa/common/command.o
 .progmem.data.__c.2632
                0x00000000000008f1        0x2 obj_gh60_lufa/common/command.o
 .progmem.data.__c.2630
                0x00000000000008f3        0x3 obj_gh60_lufa/common/command.o
 .progmem.data.__c.2628
                0x00000000000008f6        0xa obj_gh60_lufa/common/command.o
 .progmem.data.__c.2626
                0x0000000000000900        0x2 obj_gh60_lufa/common/command.o
 .progmem.data.__c.2624
                0x0000000000000902        0x3 obj_gh60_lufa/common/command.o
 .progmem.data.__c.2622
                0x0000000000000905        0xa obj_gh60_lufa/common/command.o
 .progmem.data.__c.2620
                0x000000000000090f        0x2 obj_gh60_lufa/common/command.o
 .progmem.data.__c.2618
                0x0000000000000911        0x5 obj_gh60_lufa/common/command.o
 .progmem.data.__c.2616
                0x0000000000000916       0x13 obj_gh60_lufa/common/command.o
 .progmem.data.__c.2613
                0x0000000000000929        0x2 obj_gh60_lufa/common/command.o
 .progmem.data.__c.2611
                0x000000000000092b        0x3 obj_gh60_lufa/common/command.o
 .progmem.data.__c.2609
                0x000000000000092e       0x10 obj_gh60_lufa/common/command.o
 .progmem.data.__c.2767
                0x000000000000093e        0x2 obj_gh60_lufa/common/command.o
 .progmem.data.__c.2758
                0x0000000000000940       0x17 obj_gh60_lufa/common/command.o
 .progmem.data.__c.2756
                0x0000000000000957       0x13 obj_gh60_lufa/common/command.o
 .progmem.data.__c.2754
                0x000000000000096a       0x17 obj_gh60_lufa/common/command.o
 .progmem.data.__c.2752
                0x0000000000000981       0x1a obj_gh60_lufa/common/command.o
 .progmem.data.__c.2750
                0x000000000000099b        0xe obj_gh60_lufa/common/command.o
 .progmem.data.__c.2747
                0x00000000000009a9       0x2b obj_gh60_lufa/common/command.o
 .progmem.data.__c.2745
                0x00000000000009d4       0x40 obj_gh60_lufa/common/command.o
 .progmem.data.__c.2743
                0x0000000000000a14       0x27 obj_gh60_lufa/common/command.o
 .progmem.data.__c.2741
                0x0000000000000a3b       0x35 obj_gh60_lufa/common/command.o
 .progmem.data.__c.2739
                0x0000000000000a70       0x29 obj_gh60_lufa/common/command.o
 .progmem.data.__c.2737
                0x0000000000000a99        0xf obj_gh60_lufa/common/command.o
 .progmem.data.__c.2734
                0x0000000000000aa8        0xd obj_gh60_lufa/common/command.o
 .progmem.data.__c.2732
                0x0000000000000ab5        0xc obj_gh60_lufa/common/command.o
 .progmem.data.__c.2729
                0x0000000000000ac1       0x10 obj_gh60_lufa/common/command.o
 .progmem.data.__c.2727
                0x0000000000000ad1        0xf obj_gh60_lufa/common/command.o
 .progmem.data.__c.2724
                0x0000000000000ae0        0xe obj_gh60_lufa/common/command.o
 .progmem.data.__c.2722
                0x0000000000000aee        0xd obj_gh60_lufa/common/command.o
 .progmem.data.__c.2719
                0x0000000000000afb        0xc obj_gh60_lufa/common/command.o
 .progmem.data.__c.2717
                0x0000000000000b07        0xd obj_gh60_lufa/common/command.o
 .progmem.data.__c.2714
                0x0000000000000b14       0x11 obj_gh60_lufa/common/command.o
 .progmem.data.__c.2711
                0x0000000000000b25        0x4 obj_gh60_lufa/common/command.o
 .progmem.data.__c.2705
                0x0000000000000b29        0xb obj_gh60_lufa/common/command.o
                0x0000000000000b34                . = ALIGN (0x2)
 *(.lowtext)
 *(.lowtext*)
                0x0000000000000b34                __ctors_start = .
 *(.ctors)
                0x0000000000000b34                __ctors_end = .
                0x0000000000000b34                __dtors_start = .
 *(.dtors)
                0x0000000000000b34                __dtors_end = .
 SORT(*)(.ctors)
 SORT(*)(.dtors)
 *(.init0)
 .init0         0x0000000000000b34        0x0 c:/avr-gcc-7.2.0-x64-mingw/bin/../lib/gcc/avr/7.2.0/../../../../avr/lib/avr5/crtatmega32u4.o
                0x0000000000000b34                __init
 *(.init0)
 *(.init1)
 *(.init1)
 *(.init2)
 .init2         0x0000000000000b34        0xc c:/avr-gcc-7.2.0-x64-mingw/bin/../lib/gcc/avr/7.2.0/../../../../avr/lib/avr5/crtatmega32u4.o
 *(.init2)
 *(.init3)
 .init3         0x0000000000000b40       0x54 obj_gh60_lufa/common/avr/bootloader.o
                0x0000000000000b40                bootloader_jump_after_watchdog_reset
 *(.init3)
 *(.init4)
 .init4         0x0000000000000b94       0x16 c:/avr-gcc-7.2.0-x64-mingw/bin/../lib/gcc/avr/7.2.0/avr5\libgcc.a(_copy_data.o)
                0x0000000000000b94                __do_copy_data
 .init4         0x0000000000000baa       0x10 c:/avr-gcc-7.2.0-x64-mingw/bin/../lib/gcc/avr/7.2.0/avr5\libgcc.a(_clear_bss.o)
                0x0000000000000baa                __do_clear_bss
 *(.init4)
 *(.init5)
 *(.init5)
 *(.init6)
 *(.init6)
 *(.init7)
 *(.init7)
 *(.init8)
 *(.init8)
 *(.init9)
 .init9         0x0000000000000bba        0x8 c:/avr-gcc-7.2.0-x64-mingw/bin/../lib/gcc/avr/7.2.0/../../../../avr/lib/avr5/crtatmega32u4.o
 *(.init9)
 *(.text)
 .text          0x0000000000000bc2        0x4 c:/avr-gcc-7.2.0-x64-mingw/bin/../lib/gcc/avr/7.2.0/../../../../avr/lib/avr5/crtatmega32u4.o
                0x0000000000000bc2                __vector_38
                0x0000000000000bc2                __vector_22
                0x0000000000000bc2                __vector_28
                0x0000000000000bc2                __vector_1
                0x0000000000000bc2                __vector_32
                0x0000000000000bc2                __vector_34
                0x0000000000000bc2                __vector_24
                0x0000000000000bc2                __bad_interrupt
                0x0000000000000bc2                __vector_6
                0x0000000000000bc2                __vector_31
                0x0000000000000bc2                __vector_35
                0x0000000000000bc2                __vector_39
                0x0000000000000bc2                __vector_3
                0x0000000000000bc2                __vector_23
                0x0000000000000bc2                __vector_30
                0x0000000000000bc2                __vector_25
                0x0000000000000bc2                __vector_13
                0x0000000000000bc2                __vector_17
                0x0000000000000bc2                __vector_19
                0x0000000000000bc2                __vector_7
                0x0000000000000bc2                __vector_41
                0x0000000000000bc2                __vector_27
                0x0000000000000bc2                __vector_5
                0x0000000000000bc2                __vector_33
                0x0000000000000bc2                __vector_37
                0x0000000000000bc2                __vector_4
                0x0000000000000bc2                __vector_9
                0x0000000000000bc2                __vector_2
                0x0000000000000bc2                __vector_15
                0x0000000000000bc2                __vector_36
                0x0000000000000bc2                __vector_29
                0x0000000000000bc2                __vector_40
                0x0000000000000bc2                __vector_8
                0x0000000000000bc2                __vector_26
                0x0000000000000bc2                __vector_14
                0x0000000000000bc2                __vector_16
                0x0000000000000bc2                __vector_18
                0x0000000000000bc2                __vector_20
                0x0000000000000bc2                __vector_42
 .text          0x0000000000000bc6      0x15c obj_gh60_lufa/common/avr/xprintf.o
                0x0000000000000bc6                xputc
                0x0000000000000bde                xputs
                0x0000000000000bec                xitoa
                0x0000000000000d10                __xprintf
                0x0000000000000d22                . = ALIGN (0x2)
 *(.text.*)
 .text.unselect_rows
                0x0000000000000d22        0xe obj_gh60_lufa/matrix.o
 .text.matrix_init
                0x0000000000000d30       0x58 obj_gh60_lufa/matrix.o
                0x0000000000000d30                matrix_init
 .text.matrix_scan
                0x0000000000000d88      0x31c obj_gh60_lufa/matrix.o
                0x0000000000000d88                matrix_scan
 .text.matrix_get_row
                0x00000000000010a4       0x16 obj_gh60_lufa/matrix.o
                0x00000000000010a4                matrix_get_row
 .text.led_set  0x00000000000010ba        0x2 obj_gh60_lufa/led.o
                0x00000000000010ba                led_set
 .text.keyboard_leds
                0x00000000000010bc        0x6 obj_gh60_lufa/protocol/lufa/lufa.o
 .text.sendchar
                0x00000000000010c2       0xc6 obj_gh60_lufa/protocol/lufa/lufa.o
                0x00000000000010c2                sendchar
 .text.send_consumer
                0x0000000000001188       0x68 obj_gh60_lufa/protocol/lufa/lufa.o
 .text.send_system
                0x00000000000011f0       0x68 obj_gh60_lufa/protocol/lufa/lufa.o
 .text.send_mouse
                0x0000000000001258       0x4a obj_gh60_lufa/protocol/lufa/lufa.o
 .text.send_keyboard
                0x00000000000012a2       0x62 obj_gh60_lufa/protocol/lufa/lufa.o
 .text.EVENT_USB_Device_Connect
                0x0000000000001304       0x24 obj_gh60_lufa/protocol/lufa/lufa.o
                0x0000000000001304                EVENT_USB_Device_Connect
 .text.EVENT_USB_Device_Disconnect
                0x0000000000001328        0xe obj_gh60_lufa/protocol/lufa/lufa.o
                0x0000000000001328                EVENT_USB_Device_Disconnect
 .text.EVENT_USB_Device_Reset
                0x0000000000001336        0x2 obj_gh60_lufa/protocol/lufa/lufa.o
                0x0000000000001336                EVENT_USB_Device_Reset
 .text.EVENT_USB_Device_StartOfFrame
                0x0000000000001338       0x84 obj_gh60_lufa/protocol/lufa/lufa.o
                0x0000000000001338                EVENT_USB_Device_StartOfFrame
 .text.EVENT_USB_Device_ConfigurationChanged
                0x00000000000013bc       0x28 obj_gh60_lufa/protocol/lufa/lufa.o
                0x00000000000013bc                EVENT_USB_Device_ConfigurationChanged
 .text.EVENT_USB_Device_ControlRequest
                0x00000000000013e4      0x154 obj_gh60_lufa/protocol/lufa/lufa.o
                0x00000000000013e4                EVENT_USB_Device_ControlRequest
 .text.hook_early_init
                0x0000000000001538        0x2 obj_gh60_lufa/protocol/lufa/lufa.o
                0x0000000000001538                hook_early_init
 .text.hook_late_init
                0x000000000000153a        0x2 obj_gh60_lufa/protocol/lufa/lufa.o
                0x000000000000153a                hook_late_init
 .text.hook_usb_suspend_entry
                0x000000000000153c       0x1a obj_gh60_lufa/protocol/lufa/lufa.o
                0x000000000000153c                hook_usb_suspend_entry
 .text.EVENT_USB_Device_Suspend
                0x0000000000001556        0x4 obj_gh60_lufa/protocol/lufa/lufa.o
                0x0000000000001556                EVENT_USB_Device_Suspend
 .text.hook_usb_suspend_loop
                0x000000000000155a       0x18 obj_gh60_lufa/protocol/lufa/lufa.o
                0x000000000000155a                hook_usb_suspend_loop
 .text.startup.main
                0x0000000000001572       0x96 obj_gh60_lufa/protocol/lufa/lufa.o
                0x0000000000001572                main
 .text.hook_usb_wakeup
                0x0000000000001608        0xe obj_gh60_lufa/protocol/lufa/lufa.o
                0x0000000000001608                hook_usb_wakeup
 .text.EVENT_USB_Device_WakeUp
                0x0000000000001616        0x4 obj_gh60_lufa/protocol/lufa/lufa.o
                0x0000000000001616                EVENT_USB_Device_WakeUp
 .text.CALLBACK_USB_GetDescriptor
                0x000000000000161a       0xaa obj_gh60_lufa/protocol/lufa/descriptor.o
                0x000000000000161a                CALLBACK_USB_GetDescriptor
 .text.USB_Device_SendRemoteWakeup
                0x00000000000016c4       0x2c obj_gh60_lufa/protocol/lufa/LUFA-git/LUFA/Drivers/USB/Core/AVR8/Device_AVR8.o
                0x00000000000016c4                USB_Device_SendRemoteWakeup
 .text.Endpoint_Write_Stream_LE
                0x00000000000016f0       0x9e obj_gh60_lufa/protocol/lufa/LUFA-git/LUFA/Drivers/USB/Core/AVR8/EndpointStream_AVR8.o
                0x00000000000016f0                Endpoint_Write_Stream_LE
 .text.Endpoint_Write_Control_Stream_LE
                0x000000000000178e       0xbe obj_gh60_lufa/protocol/lufa/LUFA-git/LUFA/Drivers/USB/Core/AVR8/EndpointStream_AVR8.o
                0x000000000000178e                Endpoint_Write_Control_Stream_LE
 .text.Endpoint_Write_Control_PStream_LE
                0x000000000000184c       0xc0 obj_gh60_lufa/protocol/lufa/LUFA-git/LUFA/Drivers/USB/Core/AVR8/EndpointStream_AVR8.o
                0x000000000000184c                Endpoint_Write_Control_PStream_LE
 .text.Endpoint_ConfigureEndpoint_Prv
                0x000000000000190c       0x68 obj_gh60_lufa/protocol/lufa/LUFA-git/LUFA/Drivers/USB/Core/AVR8/Endpoint_AVR8.o
                0x000000000000190c                Endpoint_ConfigureEndpoint_Prv
 .text.Endpoint_ClearStatusStage
                0x0000000000001974       0x3e obj_gh60_lufa/protocol/lufa/LUFA-git/LUFA/Drivers/USB/Core/AVR8/Endpoint_AVR8.o
                0x0000000000001974                Endpoint_ClearStatusStage
 .text.Endpoint_WaitUntilReady
                0x00000000000019b2       0x5e obj_gh60_lufa/protocol/lufa/LUFA-git/LUFA/Drivers/USB/Core/AVR8/Endpoint_AVR8.o
                0x00000000000019b2                Endpoint_WaitUntilReady
 .text.USB_Disable
                0x0000000000001a10       0x34 obj_gh60_lufa/protocol/lufa/LUFA-git/LUFA/Drivers/USB/Core/AVR8/USBController_AVR8.o
                0x0000000000001a10                USB_Disable
 .text.USB_ResetInterface
                0x0000000000001a44       0x86 obj_gh60_lufa/protocol/lufa/LUFA-git/LUFA/Drivers/USB/Core/AVR8/USBController_AVR8.o
                0x0000000000001a44                USB_ResetInterface
 .text.USB_Init
                0x0000000000001aca       0x22 obj_gh60_lufa/protocol/lufa/LUFA-git/LUFA/Drivers/USB/Core/AVR8/USBController_AVR8.o
                0x0000000000001aca                USB_Init
 .text.USB_INT_DisableAllInterrupts
                0x0000000000001aec       0x10 obj_gh60_lufa/protocol/lufa/LUFA-git/LUFA/Drivers/USB/Core/AVR8/USBInterrupt_AVR8.o
                0x0000000000001aec                USB_INT_DisableAllInterrupts
 .text.USB_INT_ClearAllInterrupts
                0x0000000000001afc        0xa obj_gh60_lufa/protocol/lufa/LUFA-git/LUFA/Drivers/USB/Core/AVR8/USBInterrupt_AVR8.o
                0x0000000000001afc                USB_INT_ClearAllInterrupts
 .text.__vector_10
                0x0000000000001b06      0x1a6 obj_gh60_lufa/protocol/lufa/LUFA-git/LUFA/Drivers/USB/Core/AVR8/USBInterrupt_AVR8.o
                0x0000000000001b06                __vector_10
 .text.__vector_11
                0x0000000000001cac       0x78 obj_gh60_lufa/protocol/lufa/LUFA-git/LUFA/Drivers/USB/Core/AVR8/USBInterrupt_AVR8.o
                0x0000000000001cac                __vector_11
 .text.USB_Device_ProcessControlRequest
                0x0000000000001d24      0x2a8 obj_gh60_lufa/protocol/lufa/LUFA-git/LUFA/Drivers/USB/Core/DeviceStandardReq.o
                0x0000000000001d24                USB_Device_ProcessControlRequest
 .text.host_set_driver
                0x0000000000001fcc        0xa obj_gh60_lufa/common/host.o
                0x0000000000001fcc                host_set_driver
 .text.host_keyboard_leds
                0x0000000000001fd6       0x18 obj_gh60_lufa/common/host.o
                0x0000000000001fd6                host_keyboard_leds
 .text.host_keyboard_send
                0x0000000000001fee       0x98 obj_gh60_lufa/common/host.o
                0x0000000000001fee                host_keyboard_send
 .text.host_mouse_send
                0x0000000000002086       0x16 obj_gh60_lufa/common/host.o
                0x0000000000002086                host_mouse_send
 .text.host_system_send
                0x000000000000209c       0x5a obj_gh60_lufa/common/host.o
                0x000000000000209c                host_system_send
 .text.host_consumer_send
                0x00000000000020f6       0x5a obj_gh60_lufa/common/host.o
                0x00000000000020f6                host_consumer_send
 .text.keyboard_setup
                0x0000000000002150        0x4 obj_gh60_lufa/common/keyboard.o
                0x0000000000002150                keyboard_setup
 .text.keyboard_init
                0x0000000000002154        0xc obj_gh60_lufa/common/keyboard.o
                0x0000000000002154                keyboard_init
 .text.keyboard_task
                0x0000000000002160      0x1e4 obj_gh60_lufa/common/keyboard.o
                0x0000000000002160                keyboard_task
 .text.keyboard_set_leds
                0x0000000000002344        0x4 obj_gh60_lufa/common/keyboard.o
                0x0000000000002344                keyboard_set_leds
 .text.matrix_clear
                0x0000000000002348        0x2 obj_gh60_lufa/common/matrix.o
                0x0000000000002348                matrix_clear
 .text.matrix_setup
                0x000000000000234a        0x2 obj_gh60_lufa/common/matrix.o
                0x000000000000234a                matrix_setup
 .text.matrix_print
                0x000000000000234c       0x6c obj_gh60_lufa/common/matrix.o
                0x000000000000234c                matrix_print
 .text.matrix_power_up
                0x00000000000023b8        0x2 obj_gh60_lufa/common/matrix.o
                0x00000000000023b8                matrix_power_up
 .text.matrix_power_down
                0x00000000000023ba        0x2 obj_gh60_lufa/common/matrix.o
                0x00000000000023ba                matrix_power_down
 .text.action_exec
                0x00000000000023bc       0x80 obj_gh60_lufa/common/action.o
                0x00000000000023bc                action_exec
 .text.register_code
                0x000000000000243c      0x1b6 obj_gh60_lufa/common/action.o
                0x000000000000243c                register_code
 .text.unregister_code
                0x00000000000025f2       0xd4 obj_gh60_lufa/common/action.o
                0x00000000000025f2                unregister_code
 .text.register_mods
                0x00000000000026c6        0xe obj_gh60_lufa/common/action.o
                0x00000000000026c6                register_mods
 .text.unregister_mods
                0x00000000000026d4        0xe obj_gh60_lufa/common/action.o
                0x00000000000026d4                unregister_mods
 .text.process_action
                0x00000000000026e2      0x65a obj_gh60_lufa/common/action.o
                0x00000000000026e2                process_action
 .text.clear_keyboard_but_mods
                0x0000000000002d3c       0x24 obj_gh60_lufa/common/action.o
                0x0000000000002d3c                clear_keyboard_but_mods
 .text.clear_keyboard
                0x0000000000002d60        0x8 obj_gh60_lufa/common/action.o
                0x0000000000002d60                clear_keyboard
 .text.is_tap_key
                0x0000000000002d68       0x76 obj_gh60_lufa/common/action.o
                0x0000000000002d68                is_tap_key
 .text.debug_event
                0x0000000000002dde       0x1e obj_gh60_lufa/common/action.o
                0x0000000000002dde                debug_event
 .text.debug_record
                0x0000000000002dfc       0x20 obj_gh60_lufa/common/action.o
                0x0000000000002dfc                debug_record
 .text.debug_waiting_buffer
                0x0000000000002e1c       0x42 obj_gh60_lufa/common/action_tapping.o
 .text.debug_tapping_key
                0x0000000000002e5e       0x1c obj_gh60_lufa/common/action_tapping.o
 .text.waiting_buffer_scan_tap
                0x0000000000002e7a       0xd6 obj_gh60_lufa/common/action_tapping.o
 .text.process_tapping
                0x0000000000002f50      0x3ae obj_gh60_lufa/common/action_tapping.o
 .text.action_tapping_process
                0x00000000000032fe      0x152 obj_gh60_lufa/common/action_tapping.o
                0x00000000000032fe                action_tapping_process
 .text.action_macro_play
                0x0000000000003450      0x12a obj_gh60_lufa/common/action_macro.o
                0x0000000000003450                action_macro_play
 .text.layer_state_set
                0x000000000000357a       0x14 obj_gh60_lufa/common/action_layer.o
 .text.default_layer_debug
                0x000000000000358e        0x2 obj_gh60_lufa/common/action_layer.o
                0x000000000000358e                default_layer_debug
 .text.default_layer_set
                0x0000000000003590       0x14 obj_gh60_lufa/common/action_layer.o
                0x0000000000003590                default_layer_set
 .text.default_layer_or
                0x00000000000035a4       0x34 obj_gh60_lufa/common/action_layer.o
                0x00000000000035a4                default_layer_or
 .text.default_layer_and
                0x00000000000035d8       0x34 obj_gh60_lufa/common/action_layer.o
                0x00000000000035d8                default_layer_and
 .text.default_layer_xor
                0x000000000000360c       0x34 obj_gh60_lufa/common/action_layer.o
                0x000000000000360c                default_layer_xor
 .text.layer_clear
                0x0000000000003640        0xa obj_gh60_lufa/common/action_layer.o
                0x0000000000003640                layer_clear
 .text.layer_move
                0x000000000000364a       0x2a obj_gh60_lufa/common/action_layer.o
                0x000000000000364a                layer_move
 .text.layer_on
                0x0000000000003674       0x42 obj_gh60_lufa/common/action_layer.o
                0x0000000000003674                layer_on
 .text.layer_off
                0x00000000000036b6       0x46 obj_gh60_lufa/common/action_layer.o
                0x00000000000036b6                layer_off
 .text.layer_invert
                0x00000000000036fc       0x42 obj_gh60_lufa/common/action_layer.o
                0x00000000000036fc                layer_invert
 .text.layer_or
                0x000000000000373e       0x24 obj_gh60_lufa/common/action_layer.o
                0x000000000000373e                layer_or
 .text.layer_and
                0x0000000000003762       0x24 obj_gh60_lufa/common/action_layer.o
                0x0000000000003762                layer_and
 .text.layer_xor
                0x0000000000003786       0x24 obj_gh60_lufa/common/action_layer.o
                0x0000000000003786                layer_xor
 .text.layer_debug
                0x00000000000037aa        0x2 obj_gh60_lufa/common/action_layer.o
                0x00000000000037aa                layer_debug
 .text.layer_switch_get_action
                0x00000000000037ac       0xf8 obj_gh60_lufa/common/action_layer.o
                0x00000000000037ac                layer_switch_get_action
 .text.add_key  0x00000000000038a4       0x3a obj_gh60_lufa/common/action_util.o
                0x00000000000038a4                add_key
 .text.del_key  0x00000000000038de       0x24 obj_gh60_lufa/common/action_util.o
                0x00000000000038de                del_key
 .text.clear_keys
                0x0000000000003902       0x1c obj_gh60_lufa/common/action_util.o
                0x0000000000003902                clear_keys
 .text.get_mods
                0x000000000000391e        0x6 obj_gh60_lufa/common/action_util.o
                0x000000000000391e                get_mods
 .text.add_mods
                0x0000000000003924        0xc obj_gh60_lufa/common/action_util.o
                0x0000000000003924                add_mods
 .text.del_mods
                0x0000000000003930       0x10 obj_gh60_lufa/common/action_util.o
                0x0000000000003930                del_mods
 .text.set_mods
                0x0000000000003940        0x6 obj_gh60_lufa/common/action_util.o
                0x0000000000003940                set_mods
 .text.clear_mods
                0x0000000000003946        0x6 obj_gh60_lufa/common/action_util.o
                0x0000000000003946                clear_mods
 .text.add_weak_mods
                0x000000000000394c        0xc obj_gh60_lufa/common/action_util.o
                0x000000000000394c                add_weak_mods
 .text.del_weak_mods
                0x0000000000003958       0x10 obj_gh60_lufa/common/action_util.o
                0x0000000000003958                del_weak_mods
 .text.clear_weak_mods
                0x0000000000003968        0x6 obj_gh60_lufa/common/action_util.o
                0x0000000000003968                clear_weak_mods
 .text.set_oneshot_mods
                0x000000000000396e        0x6 obj_gh60_lufa/common/action_util.o
                0x000000000000396e                set_oneshot_mods
 .text.clear_oneshot_mods
                0x0000000000003974        0x6 obj_gh60_lufa/common/action_util.o
                0x0000000000003974                clear_oneshot_mods
 .text.has_anykey
                0x000000000000397a       0x20 obj_gh60_lufa/common/action_util.o
                0x000000000000397a                has_anykey
 .text.send_keyboard_report
                0x000000000000399a       0x4c obj_gh60_lufa/common/action_util.o
                0x000000000000399a                send_keyboard_report
 .text.print_set_sendchar
                0x00000000000039e6        0xa obj_gh60_lufa/common/print.o
                0x00000000000039e6                print_set_sendchar
 .text.bitrev   0x00000000000039f0       0x30 obj_gh60_lufa/common/util.o
                0x00000000000039f0                bitrev
 .text.bitrev16
                0x0000000000003a20       0x1a obj_gh60_lufa/common/util.o
                0x0000000000003a20                bitrev16
 .text.bitrev32
                0x0000000000003a3a       0x4c obj_gh60_lufa/common/util.o
                0x0000000000003a3a                bitrev32
 .text.hook_keyboard_loop
                0x0000000000003a86        0x2 obj_gh60_lufa/common/hook.o
                0x0000000000003a86                hook_keyboard_loop
 .text.hook_matrix_change
                0x0000000000003a88       0x1e obj_gh60_lufa/common/hook.o
                0x0000000000003a88                hook_matrix_change
 .text.hook_default_layer_change
                0x0000000000003aa6        0x2 obj_gh60_lufa/common/hook.o
                0x0000000000003aa6                hook_default_layer_change
 .text.hook_layer_change
                0x0000000000003aa8        0x2 obj_gh60_lufa/common/hook.o
                0x0000000000003aa8                hook_layer_change
 .text.hook_keyboard_leds_change
                0x0000000000003aaa        0x4 obj_gh60_lufa/common/hook.o
                0x0000000000003aaa                hook_keyboard_leds_change
 .text.hook_bootmagic
                0x0000000000003aae        0x2 obj_gh60_lufa/common/hook.o
                0x0000000000003aae                hook_bootmagic
 .text.suspend_power_down
                0x0000000000003ab0       0x52 obj_gh60_lufa/common/avr/suspend.o
                0x0000000000003ab0                suspend_power_down
 .text.suspend_wakeup_condition
                0x0000000000003b02       0x2e obj_gh60_lufa/common/avr/suspend.o
                0x0000000000003b02                suspend_wakeup_condition
 .text.suspend_wakeup_init
                0x0000000000003b30        0x8 obj_gh60_lufa/common/avr/suspend.o
                0x0000000000003b30                suspend_wakeup_init
 .text.__vector_12
                0x0000000000003b38       0x52 obj_gh60_lufa/common/avr/suspend.o
                0x0000000000003b38                __vector_12
 .text.timer_init
                0x0000000000003b8a       0x12 obj_gh60_lufa/common/avr/timer.o
                0x0000000000003b8a                timer_init
 .text.timer_read
                0x0000000000003b9c       0x18 obj_gh60_lufa/common/avr/timer.o
                0x0000000000003b9c                timer_read
 .text.timer_read32
                0x0000000000003bb4       0x18 obj_gh60_lufa/common/avr/timer.o
                0x0000000000003bb4                timer_read32
 .text.timer_elapsed
                0x0000000000003bcc       0x54 obj_gh60_lufa/common/avr/timer.o
                0x0000000000003bcc                timer_elapsed
 .text.__vector_21
                0x0000000000003c20       0x4a obj_gh60_lufa/common/avr/timer.o
                0x0000000000003c20                __vector_21
 .text.bootloader_jump
                0x0000000000003c6a       0x44 obj_gh60_lufa/common/avr/bootloader.o
                0x0000000000003c6a                bootloader_jump
 .text.keycode_to_action
                0x0000000000003cae      0x11e obj_gh60_lufa/common/keymap.o
 .text.action_get_macro
                0x0000000000003dcc        0x6 obj_gh60_lufa/common/keymap.o
                0x0000000000003dcc                action_get_macro
 .text.action_function
                0x0000000000003dd2        0x2 obj_gh60_lufa/common/keymap.o
                0x0000000000003dd2                action_function
 .text.keymap_key_to_keycode
                0x0000000000003dd4       0x20 obj_gh60_lufa/common/keymap.o
                0x0000000000003dd4                keymap_key_to_keycode
 .text.keymap_fn_to_action
                0x0000000000003df4       0x16 obj_gh60_lufa/common/keymap.o
                0x0000000000003df4                keymap_fn_to_action
 .text.action_for_key
                0x0000000000003e0a       0xce obj_gh60_lufa/common/keymap.o
                0x0000000000003e0a                action_for_key
 .text.scan_key
                0x0000000000003ed8       0x8a obj_gh60_lufa/common/bootmagic.o
 .text.bootmagic_scan_key
                0x0000000000003f62       0x24 obj_gh60_lufa/common/bootmagic.o
                0x0000000000003f62                bootmagic_scan_key
 .text.bootmagic
                0x0000000000003f86      0x250 obj_gh60_lufa/common/bootmagic.o
                0x0000000000003f86                bootmagic
 .text.eeconfig_init
                0x00000000000041d6       0x34 obj_gh60_lufa/common/avr/eeconfig.o
                0x00000000000041d6                eeconfig_init
 .text.eeconfig_is_enabled
                0x000000000000420a       0x16 obj_gh60_lufa/common/avr/eeconfig.o
                0x000000000000420a                eeconfig_is_enabled
 .text.eeconfig_read_debug
                0x0000000000004220        0x8 obj_gh60_lufa/common/avr/eeconfig.o
                0x0000000000004220                eeconfig_read_debug
 .text.eeconfig_write_debug
                0x0000000000004228        0xa obj_gh60_lufa/common/avr/eeconfig.o
                0x0000000000004228                eeconfig_write_debug
 .text.eeconfig_read_default_layer
                0x0000000000004232        0x8 obj_gh60_lufa/common/avr/eeconfig.o
                0x0000000000004232                eeconfig_read_default_layer
 .text.eeconfig_write_default_layer
                0x000000000000423a        0xa obj_gh60_lufa/common/avr/eeconfig.o
                0x000000000000423a                eeconfig_write_default_layer
 .text.eeconfig_read_keymap
                0x0000000000004244        0x8 obj_gh60_lufa/common/avr/eeconfig.o
                0x0000000000004244                eeconfig_read_keymap
 .text.eeconfig_write_keymap
                0x000000000000424c        0xa obj_gh60_lufa/common/avr/eeconfig.o
                0x000000000000424c                eeconfig_write_keymap
 .text.move_unit
                0x0000000000004256       0x94 obj_gh60_lufa/common/mousekey.o
 .text.wheel_unit
                0x00000000000042ea       0x72 obj_gh60_lufa/common/mousekey.o
 .text.mousekey_on
                0x000000000000435c       0xd0 obj_gh60_lufa/common/mousekey.o
                0x000000000000435c                mousekey_on
 .text.mousekey_off
                0x000000000000442c      0x108 obj_gh60_lufa/common/mousekey.o
                0x000000000000442c                mousekey_off
 .text.mousekey_send
                0x0000000000004534      0x11a obj_gh60_lufa/common/mousekey.o
                0x0000000000004534                mousekey_send
 .text.mousekey_task
                0x000000000000464e      0x144 obj_gh60_lufa/common/mousekey.o
                0x000000000000464e                mousekey_task
 .text.mousekey_clear
                0x0000000000004792       0x18 obj_gh60_lufa/common/mousekey.o
                0x0000000000004792                mousekey_clear
 .text.mousekey_console_help
                0x00000000000047aa       0x2e obj_gh60_lufa/common/command.o
 .text.mousekey_param_inc
                0x00000000000047d8      0x148 obj_gh60_lufa/common/command.o
 .text.mousekey_param_dec
                0x0000000000004920       0xfe obj_gh60_lufa/common/command.o
 .text.switch_default_layer
                0x0000000000004a1e       0x3c obj_gh60_lufa/common/command.o
 .text.command_common
                0x0000000000004a5a      0x462 obj_gh60_lufa/common/command.o
 .text.command_extra
                0x0000000000004ebc        0x4 obj_gh60_lufa/common/command.o
                0x0000000000004ebc                command_extra
 .text.command_console_extra
                0x0000000000004ec0        0x4 obj_gh60_lufa/common/command.o
                0x0000000000004ec0                command_console_extra
 .text.command_proc
                0x0000000000004ec4      0x296 obj_gh60_lufa/common/command.o
                0x0000000000004ec4                command_proc
 .text.avr-libc.fplib
                0x000000000000515a        0xe c:/avr-gcc-7.2.0-x64-mingw/bin/../lib/gcc/avr/7.2.0/../../../../avr/lib/avr5\libm.a(fixsfsi.o)
                0x000000000000515a                __fixsfsi
 .text.avr-libc.fplib
                0x0000000000005168       0x5e c:/avr-gcc-7.2.0-x64-mingw/bin/../lib/gcc/avr/7.2.0/../../../../avr/lib/avr5\libm.a(fixunssfsi.o)
                0x0000000000005168                __fixunssfsi
 .text.avr-libc.fplib
                0x00000000000051c6       0x7a c:/avr-gcc-7.2.0-x64-mingw/bin/../lib/gcc/avr/7.2.0/../../../../avr/lib/avr5\libm.a(floatsisf.o)
                0x00000000000051c6                __floatunsisf
                0x00000000000051ca                __floatsisf
 .text.avr-libc.fplib
                0x0000000000005240       0x44 c:/avr-gcc-7.2.0-x64-mingw/bin/../lib/gcc/avr/7.2.0/../../../../avr/lib/avr5\libm.a(fp_split3.o)
                0x0000000000005240                __fp_split3
                0x0000000000005250                __fp_splitA
 .text.avr-libc.fplib
                0x0000000000005284        0xe c:/avr-gcc-7.2.0-x64-mingw/bin/../lib/gcc/avr/7.2.0/../../../../avr/lib/avr5\libm.a(fp_zero.o)
                0x0000000000005284                __fp_zero
                0x0000000000005286                __fp_szero
 .text.avr-libc.fplib
                0x0000000000005292        0x8 c:/avr-gcc-7.2.0-x64-mingw/bin/../lib/gcc/avr/7.2.0/../../../../avr/lib/avr5\libm.a(mulsf3.o)
                0x0000000000005292                __mulsf3
 .text.avr-libc.fplib
                0x000000000000529a       0xd2 c:/avr-gcc-7.2.0-x64-mingw/bin/../lib/gcc/avr/7.2.0/../../../../avr/lib/avr5\libm.a(mulsf3x.o)
                0x00000000000052b8                __mulsf3x
                0x00000000000052be                __mulsf3_pse
 .text.avr-libc.fplib
                0x000000000000536c        0xc c:/avr-gcc-7.2.0-x64-mingw/bin/../lib/gcc/avr/7.2.0/../../../../avr/lib/avr5\libm.a(fp_inf.o)
                0x000000000000536c                __fp_inf
 .text.avr-libc.fplib
                0x0000000000005378        0x6 c:/avr-gcc-7.2.0-x64-mingw/bin/../lib/gcc/avr/7.2.0/../../../../avr/lib/avr5\libm.a(fp_nan.o)
                0x0000000000005378                __fp_nan
 .text.avr-libc.fplib
                0x000000000000537e        0xe c:/avr-gcc-7.2.0-x64-mingw/bin/../lib/gcc/avr/7.2.0/../../../../avr/lib/avr5\libm.a(fp_pscA.o)
                0x000000000000537e                __fp_pscA
 .text.avr-libc.fplib
                0x000000000000538c        0xe c:/avr-gcc-7.2.0-x64-mingw/bin/../lib/gcc/avr/7.2.0/../../../../avr/lib/avr5\libm.a(fp_pscB.o)
                0x000000000000538c                __fp_pscB
 .text.avr-libc.fplib
                0x000000000000539a       0x22 c:/avr-gcc-7.2.0-x64-mingw/bin/../lib/gcc/avr/7.2.0/../../../../avr/lib/avr5\libm.a(fp_round.o)
                0x000000000000539a                __fp_round
 .text.libgcc.div
                0x00000000000053bc       0x18 c:/avr-gcc-7.2.0-x64-mingw/bin/../lib/gcc/avr/7.2.0/avr5\libgcc.a(_udivmodqi4.o)
                0x00000000000053bc                __udivmodqi4
 .text.libgcc.div
                0x00000000000053d4       0x28 c:/avr-gcc-7.2.0-x64-mingw/bin/../lib/gcc/avr/7.2.0/avr5\libgcc.a(_divmodhi4.o)
                0x00000000000053d4                _div
                0x00000000000053d4                __divmodhi4
 .text.libgcc   0x00000000000053fc        0xc c:/avr-gcc-7.2.0-x64-mingw/bin/../lib/gcc/avr/7.2.0/avr5\libgcc.a(_tablejump2.o)
                0x00000000000053fc                __tablejump2__
 .text.libgcc.div
                0x0000000000005408       0x28 c:/avr-gcc-7.2.0-x64-mingw/bin/../lib/gcc/avr/7.2.0/avr5\libgcc.a(_udivmodhi4.o)
                0x0000000000005408                __udivmodhi4
 .text.avr-libc
                0x0000000000005430       0x10 c:/avr-gcc-7.2.0-x64-mingw/bin/../lib/gcc/avr/7.2.0/../../../../avr/lib/avr5\libatmega32u4.a(eerd_byte.o)
                0x0000000000005430                eeprom_read_byte
 .text.avr-libc
                0x0000000000005440        0xc c:/avr-gcc-7.2.0-x64-mingw/bin/../lib/gcc/avr/7.2.0/../../../../avr/lib/avr5\libatmega32u4.a(eerd_word.o)
                0x0000000000005440                eeprom_read_word
 .text.avr-libc
                0x000000000000544c       0x1c c:/avr-gcc-7.2.0-x64-mingw/bin/../lib/gcc/avr/7.2.0/../../../../avr/lib/avr5\libatmega32u4.a(eewr_byte.o)
                0x000000000000544c                eeprom_write_byte
                0x000000000000544e                eeprom_write_r18
 .text.avr-libc
                0x0000000000005468        0xa c:/avr-gcc-7.2.0-x64-mingw/bin/../lib/gcc/avr/7.2.0/../../../../avr/lib/avr5\libatmega32u4.a(eewr_word.o)
                0x0000000000005468                eeprom_write_word
 .text.avr-libc
                0x0000000000005472       0x20 c:/avr-gcc-7.2.0-x64-mingw/bin/../lib/gcc/avr/7.2.0/../../../../avr/lib/avr5\libatmega32u4.a(eerd_block.o)
                0x0000000000005472                eeprom_read_block
                0x0000000000005476                eeprom_read_blraw
                0x0000000000005492                . = ALIGN (0x2)
 *(.fini9)
 .fini9         0x0000000000005492        0x0 c:/avr-gcc-7.2.0-x64-mingw/bin/../lib/gcc/avr/7.2.0/avr5\libgcc.a(_exit.o)
                0x0000000000005492                _exit
                0x0000000000005492                exit
 *(.fini9)
 *(.fini8)
 *(.fini8)
 *(.fini7)
 *(.fini7)
 *(.fini6)
 *(.fini6)
 *(.fini5)
 *(.fini5)
 *(.fini4)
 *(.fini4)
 *(.fini3)
 *(.fini3)
 *(.fini2)
 *(.fini2)
 *(.fini1)
 *(.fini1)
 *(.fini0)
 .fini0         0x0000000000005492        0x4 c:/avr-gcc-7.2.0-x64-mingw/bin/../lib/gcc/avr/7.2.0/avr5\libgcc.a(_exit.o)
 *(.fini0)
 *(.hightext)
 *(.hightext*)
                0x0000000000005496                . = ALIGN (0x2)
 *(.jumptables)
 *(.jumptables*)
                0x0000000000005496                _etext = .

.data           0x0000000000800100       0x34 load address 0x0000000000005496
                0x0000000000800100                PROVIDE (__data_start, .)
 *(.data)
 *(.data*)
 .data.debouncing
                0x0000000000800100        0x1 obj_gh60_lufa/matrix.o
 .data.lufa_driver
                0x0000000000800101        0xa obj_gh60_lufa/protocol/lufa/lufa.o
                0x0000000000800101                lufa_driver
 .data.keyboard_protocol
                0x000000000080010b        0x1 obj_gh60_lufa/protocol/lufa/lufa.o
                0x000000000080010b                keyboard_protocol
 .data.keyboard_report
                0x000000000080010c        0x2 obj_gh60_lufa/common/action_util.o
                0x000000000080010c                keyboard_report
 .data.mk_wheel_time_to_max
                0x000000000080010e        0x1 obj_gh60_lufa/common/mousekey.o
                0x000000000080010e                mk_wheel_time_to_max
 .data.mk_wheel_max_speed
                0x000000000080010f        0x1 obj_gh60_lufa/common/mousekey.o
                0x000000000080010f                mk_wheel_max_speed
 .data.mk_time_to_max
                0x0000000000800110        0x1 obj_gh60_lufa/common/mousekey.o
                0x0000000000800110                mk_time_to_max
 .data.mk_max_speed
                0x0000000000800111        0x1 obj_gh60_lufa/common/mousekey.o
                0x0000000000800111                mk_max_speed
 .data.mk_interval
                0x0000000000800112        0x1 obj_gh60_lufa/common/mousekey.o
                0x0000000000800112                mk_interval
 .data.mk_delay
                0x0000000000800113        0x1 obj_gh60_lufa/common/mousekey.o
                0x0000000000800113                mk_delay
 *(.gnu.linkonce.d*)
 *(.rodata)
 *(.rodata*)
 .rodata.CSWTCH.3
                0x0000000000800114        0x4 obj_gh60_lufa/protocol/lufa/descriptor.o
 .rodata.CSWTCH.2
                0x0000000000800118        0x8 obj_gh60_lufa/protocol/lufa/descriptor.o
 .rodata.CSWTCH.1
                0x0000000000800120        0x8 obj_gh60_lufa/protocol/lufa/descriptor.o
 .rodata.matrix_print.str1.1
                0x0000000000800128        0x1 obj_gh60_lufa/common/matrix.o
 .rodata.CSWTCH.59
                0x0000000000800129        0xa obj_gh60_lufa/common/command.o
 *(.gnu.linkonce.r*)
                0x0000000000800134                . = ALIGN (0x2)
 *fill*         0x0000000000800133        0x1 
                0x0000000000800134                _edata = .
                0x0000000000800134                PROVIDE (__data_end, .)

.bss            0x0000000000800134      0x135
                0x0000000000800134                PROVIDE (__bss_start, .)
 *(.bss)
 .bss           0x0000000000800134        0x2 obj_gh60_lufa/common/avr/xprintf.o
                0x0000000000800134                xfunc_out
 *(.bss*)
 .bss.matrix_debouncing
                0x0000000000800136       0x18 obj_gh60_lufa/matrix.o
 .bss.matrix    0x000000000080014e       0x18 obj_gh60_lufa/matrix.o
 .bss.timeouted.4898
                0x0000000000800166        0x1 obj_gh60_lufa/protocol/lufa/lufa.o
 .bss.count.4832
                0x0000000000800167        0x1 obj_gh60_lufa/protocol/lufa/lufa.o
 .bss._led_stats
                0x0000000000800168        0x1 obj_gh60_lufa/protocol/lufa/lufa.o
 .bss.console_flush
                0x0000000000800169        0x1 obj_gh60_lufa/protocol/lufa/lufa.o
 .bss.keyboard_report_sent
                0x000000000080016a        0x8 obj_gh60_lufa/protocol/lufa/lufa.o
 .bss.keyboard_led_stats
                0x0000000000800172        0x1 obj_gh60_lufa/protocol/lufa/lufa.o
 .bss.keyboard_idle
                0x0000000000800173        0x1 obj_gh60_lufa/protocol/lufa/lufa.o
                0x0000000000800173                keyboard_idle
 .bss.last_consumer_report
                0x0000000000800174        0x2 obj_gh60_lufa/common/host.o
 .bss.last_system_report
                0x0000000000800176        0x2 obj_gh60_lufa/common/host.o
 .bss.driver    0x0000000000800178        0x2 obj_gh60_lufa/common/host.o
 .bss.led_status.2414
                0x000000000080017a        0x1 obj_gh60_lufa/common/keyboard.o
 .bss.matrix_prev.2413
                0x000000000080017b       0x18 obj_gh60_lufa/common/keyboard.o
 .bss.waiting_buffer_tail
                0x0000000000800193        0x1 obj_gh60_lufa/common/action_tapping.o
 .bss.waiting_buffer_head
                0x0000000000800194        0x1 obj_gh60_lufa/common/action_tapping.o
 .bss.waiting_buffer
                0x0000000000800195       0x30 obj_gh60_lufa/common/action_tapping.o
 .bss.tapping_key
                0x00000000008001c5        0x6 obj_gh60_lufa/common/action_tapping.o
 .bss.layer_pressed
                0x00000000008001cb       0x6c obj_gh60_lufa/common/action_layer.o
 .bss.layer_state
                0x0000000000800237        0x4 obj_gh60_lufa/common/action_layer.o
                0x0000000000800237                layer_state
 .bss.default_layer_state
                0x000000000080023b        0x4 obj_gh60_lufa/common/action_layer.o
                0x000000000080023b                default_layer_state
 .bss.oneshot_mods
                0x000000000080023f        0x1 obj_gh60_lufa/common/action_util.o
 .bss.__compound_literal.0
                0x0000000000800240        0x8 obj_gh60_lufa/common/action_util.o
 .bss.weak_mods
                0x0000000000800248        0x1 obj_gh60_lufa/common/action_util.o
 .bss.real_mods
                0x0000000000800249        0x1 obj_gh60_lufa/common/action_util.o
 .bss.debug_config
                0x000000000080024a        0x1 obj_gh60_lufa/common/debug.o
                0x000000000080024a                debug_config
 .bss.wdt_timeout
                0x000000000080024b        0x1 obj_gh60_lufa/common/avr/suspend.o
 .bss.timer_count
                0x000000000080024c        0x4 obj_gh60_lufa/common/avr/timer.o
                0x000000000080024c                timer_count
 .bss.last_timer
                0x0000000000800250        0x2 obj_gh60_lufa/common/mousekey.o
 .bss.mousekey_accel
                0x0000000000800252        0x1 obj_gh60_lufa/common/mousekey.o
 .bss.mousekey_repeat
                0x0000000000800253        0x1 obj_gh60_lufa/common/mousekey.o
 .bss.mouse_report
                0x0000000000800254        0x5 obj_gh60_lufa/common/mousekey.o
 .bss.mousekey_param
                0x0000000000800259        0x1 obj_gh60_lufa/common/command.o
 .bss.command_state
                0x000000000080025a        0x1 obj_gh60_lufa/common/command.o
                0x000000000080025a                command_state
 *(COMMON)
 COMMON         0x000000000080025b        0x3 obj_gh60_lufa/protocol/lufa/LUFA-git/LUFA/Drivers/USB/Core/DeviceStandardReq.o
                0x000000000080025b                USB_Device_ConfigurationNumber
                0x000000000080025c                USB_Device_CurrentlySelfPowered
                0x000000000080025d                USB_Device_RemoteWakeupEnabled
 COMMON         0x000000000080025e        0xa obj_gh60_lufa/protocol/lufa/LUFA-git/LUFA/Drivers/USB/Core/USBTask.o
                0x000000000080025e                USB_IsInitialized
                0x000000000080025f                USB_DeviceState
                0x0000000000800260                USB_ControlRequest
 COMMON         0x0000000000800268        0x1 obj_gh60_lufa/common/bootmagic.o
                0x0000000000800268                keymap_config
                0x0000000000800269                PROVIDE (__bss_end, .)
                0x0000000000005496                __data_load_start = LOADADDR (.data)
                0x00000000000054ca                __data_load_end = (__data_load_start + SIZEOF (.data))

.noinit         0x0000000000800269        0x4
                [!provide]                        PROVIDE (__noinit_start, .)
 *(.noinit*)
 .noinit        0x0000000000800269        0x4 obj_gh60_lufa/common/avr/bootloader.o
                0x0000000000800269                reset_key
                [!provide]                        PROVIDE (__noinit_end, .)
                0x000000000080026d                _end = .
                [!provide]                        PROVIDE (__heap_start, .)

.eeprom         0x0000000000810000        0x0
 *(.eeprom*)
                0x0000000000810000                __eeprom_end = .

.fuse
 *(.fuse)
 *(.lfuse)
 *(.hfuse)
 *(.efuse)

.lock
 *(.lock*)

.signature
 *(.signature*)

.stab           0x0000000000000000      0x8b8
 *(.stab)
 .stab          0x0000000000000000      0x8b8 obj_gh60_lufa/common/avr/xprintf.o

.stabstr        0x0000000000000000       0x7c
 *(.stabstr)
 .stabstr       0x0000000000000000       0x7c obj_gh60_lufa/common/avr/xprintf.o

.stab.excl
 *(.stab.excl)

.stab.exclstr
 *(.stab.exclstr)

.stab.index
 *(.stab.index)

.stab.indexstr
 *(.stab.indexstr)

.comment        0x0000000000000000       0x11
 *(.comment)
 .comment       0x0000000000000000       0x11 obj_gh60_lufa/keymap_poker.o
                                         0x12 (size before relaxing)
 .comment       0x0000000000000011       0x12 obj_gh60_lufa/matrix.o
 .comment       0x0000000000000011       0x12 obj_gh60_lufa/led.o
 .comment       0x0000000000000011       0x12 obj_gh60_lufa/protocol/lufa/lufa.o
 .comment       0x0000000000000011       0x12 obj_gh60_lufa/protocol/lufa/descriptor.o
 .comment       0x0000000000000011       0x12 obj_gh60_lufa/protocol/lufa/LUFA-git/LUFA/Drivers/USB/Core/AVR8/Device_AVR8.o
 .comment       0x0000000000000011       0x12 obj_gh60_lufa/protocol/lufa/LUFA-git/LUFA/Drivers/USB/Core/AVR8/EndpointStream_AVR8.o
 .comment       0x0000000000000011       0x12 obj_gh60_lufa/protocol/lufa/LUFA-git/LUFA/Drivers/USB/Core/AVR8/Endpoint_AVR8.o
 .comment       0x0000000000000011       0x12 obj_gh60_lufa/protocol/lufa/LUFA-git/LUFA/Drivers/USB/Core/AVR8/USBController_AVR8.o
 .comment       0x0000000000000011       0x12 obj_gh60_lufa/protocol/lufa/LUFA-git/LUFA/Drivers/USB/Core/AVR8/USBInterrupt_AVR8.o
 .comment       0x0000000000000011       0x12 obj_gh60_lufa/protocol/lufa/LUFA-git/LUFA/Drivers/USB/Core/DeviceStandardReq.o
 .comment       0x0000000000000011       0x12 obj_gh60_lufa/protocol/lufa/LUFA-git/LUFA/Drivers/USB/Core/USBTask.o
 .comment       0x0000000000000011       0x12 obj_gh60_lufa/common/host.o
 .comment       0x0000000000000011       0x12 obj_gh60_lufa/common/keyboard.o
 .comment       0x0000000000000011       0x12 obj_gh60_lufa/common/matrix.o
 .comment       0x0000000000000011       0x12 obj_gh60_lufa/common/action.o
 .comment       0x0000000000000011       0x12 obj_gh60_lufa/common/action_tapping.o
 .comment       0x0000000000000011       0x12 obj_gh60_lufa/common/action_macro.o
 .comment       0x0000000000000011       0x12 obj_gh60_lufa/common/action_layer.o
 .comment       0x0000000000000011       0x12 obj_gh60_lufa/common/action_util.o
 .comment       0x0000000000000011       0x12 obj_gh60_lufa/common/print.o
 .comment       0x0000000000000011       0x12 obj_gh60_lufa/common/debug.o
 .comment       0x0000000000000011       0x12 obj_gh60_lufa/common/util.o
 .comment       0x0000000000000011       0x12 obj_gh60_lufa/common/hook.o
 .comment       0x0000000000000011       0x12 obj_gh60_lufa/common/avr/suspend.o
 .comment       0x0000000000000011       0x12 obj_gh60_lufa/common/avr/timer.o
 .comment       0x0000000000000011       0x12 obj_gh60_lufa/common/avr/bootloader.o
 .comment       0x0000000000000011       0x12 obj_gh60_lufa/common/keymap.o
 .comment       0x0000000000000011       0x12 obj_gh60_lufa/common/bootmagic.o
 .comment       0x0000000000000011       0x12 obj_gh60_lufa/common/avr/eeconfig.o
 .comment       0x0000000000000011       0x12 obj_gh60_lufa/common/mousekey.o
 .comment       0x0000000000000011       0x12 obj_gh60_lufa/common/command.o

.note.gnu.avr.deviceinfo
                0x0000000000000000       0x40
 .note.gnu.avr.deviceinfo
                0x0000000000000000       0x40 c:/avr-gcc-7.2.0-x64-mingw/bin/../lib/gcc/avr/7.2.0/../../../../avr/lib/avr5/crtatmega32u4.o

.note.gnu.build-id
 *(.note.gnu.build-id)

.debug
 *(.debug)

.line
 *(.line)

.debug_srcinfo
 *(.debug_srcinfo)

.debug_sfnames
 *(.debug_sfnames)

.debug_aranges  0x0000000000000000      0x9e8
 *(.debug_aranges)
 .debug_aranges
                0x0000000000000000       0x18 obj_gh60_lufa/keymap_poker.o
 .debug_aranges
                0x0000000000000018       0x38 obj_gh60_lufa/matrix.o
 .debug_aranges
                0x0000000000000050       0x20 obj_gh60_lufa/led.o
 .debug_aranges
                0x0000000000000070       0xb0 obj_gh60_lufa/protocol/lufa/lufa.o
 .debug_aranges
                0x0000000000000120       0x20 obj_gh60_lufa/protocol/lufa/descriptor.o
 .debug_aranges
                0x0000000000000140       0x20 obj_gh60_lufa/protocol/lufa/LUFA-git/LUFA/Drivers/USB/Core/AVR8/Device_AVR8.o
 .debug_aranges
                0x0000000000000160       0xc8 obj_gh60_lufa/protocol/lufa/LUFA-git/LUFA/Drivers/USB/Core/AVR8/EndpointStream_AVR8.o
 .debug_aranges
                0x0000000000000228       0x40 obj_gh60_lufa/protocol/lufa/LUFA-git/LUFA/Drivers/USB/Core/AVR8/Endpoint_AVR8.o
 .debug_aranges
                0x0000000000000268       0x30 obj_gh60_lufa/protocol/lufa/LUFA-git/LUFA/Drivers/USB/Core/AVR8/USBController_AVR8.o
 .debug_aranges
                0x0000000000000298       0x38 obj_gh60_lufa/protocol/lufa/LUFA-git/LUFA/Drivers/USB/Core/AVR8/USBInterrupt_AVR8.o
 .debug_aranges
                0x00000000000002d0       0x20 obj_gh60_lufa/protocol/lufa/LUFA-git/LUFA/Drivers/USB/Core/DeviceStandardReq.o
 .debug_aranges
                0x00000000000002f0       0x20 obj_gh60_lufa/protocol/lufa/LUFA-git/LUFA/Drivers/USB/Core/USBTask.o
 .debug_aranges
                0x0000000000000310       0x60 obj_gh60_lufa/common/host.o
 .debug_aranges
                0x0000000000000370       0x38 obj_gh60_lufa/common/keyboard.o
 .debug_aranges
                0x00000000000003a8       0x40 obj_gh60_lufa/common/matrix.o
 .debug_aranges
                0x00000000000003e8       0x78 obj_gh60_lufa/common/action.o
 .debug_aranges
                0x0000000000000460       0x40 obj_gh60_lufa/common/action_tapping.o
 .debug_aranges
                0x00000000000004a0       0x20 obj_gh60_lufa/common/action_macro.o
 .debug_aranges
                0x00000000000004c0       0x90 obj_gh60_lufa/common/action_layer.o
 .debug_aranges
                0x0000000000000550       0xb0 obj_gh60_lufa/common/action_util.o
 .debug_aranges
                0x0000000000000600       0x20 obj_gh60_lufa/common/print.o
 .debug_aranges
                0x0000000000000620       0x18 obj_gh60_lufa/common/debug.o
 .debug_aranges
                0x0000000000000638       0x60 obj_gh60_lufa/common/util.o
 .debug_aranges
                0x0000000000000698       0x38 obj_gh60_lufa/common/hook.o
 .debug_aranges
                0x00000000000006d0       0x40 obj_gh60_lufa/common/avr/suspend.o
 .debug_aranges
                0x0000000000000710       0x50 obj_gh60_lufa/common/avr/timer.o
 .debug_aranges
                0x0000000000000760       0x28 obj_gh60_lufa/common/avr/bootloader.o
 .debug_aranges
                0x0000000000000788       0x48 obj_gh60_lufa/common/keymap.o
 .debug_aranges
                0x00000000000007d0       0x30 obj_gh60_lufa/common/bootmagic.o
 .debug_aranges
                0x0000000000000800       0x68 obj_gh60_lufa/common/avr/eeconfig.o
 .debug_aranges
                0x0000000000000868       0x50 obj_gh60_lufa/common/mousekey.o
 .debug_aranges
                0x00000000000008b8       0x50 obj_gh60_lufa/common/command.o
 .debug_aranges
                0x0000000000000908       0x20 c:/avr-gcc-7.2.0-x64-mingw/bin/../lib/gcc/avr/7.2.0/avr5\libgcc.a(_udivmodqi4.o)
 .debug_aranges
                0x0000000000000928       0x20 c:/avr-gcc-7.2.0-x64-mingw/bin/../lib/gcc/avr/7.2.0/avr5\libgcc.a(_divmodhi4.o)
 .debug_aranges
                0x0000000000000948       0x20 c:/avr-gcc-7.2.0-x64-mingw/bin/../lib/gcc/avr/7.2.0/avr5\libgcc.a(_exit.o)
 .debug_aranges
                0x0000000000000968       0x20 c:/avr-gcc-7.2.0-x64-mingw/bin/../lib/gcc/avr/7.2.0/avr5\libgcc.a(_tablejump2.o)
 .debug_aranges
                0x0000000000000988       0x20 c:/avr-gcc-7.2.0-x64-mingw/bin/../lib/gcc/avr/7.2.0/avr5\libgcc.a(_copy_data.o)
 .debug_aranges
                0x00000000000009a8       0x20 c:/avr-gcc-7.2.0-x64-mingw/bin/../lib/gcc/avr/7.2.0/avr5\libgcc.a(_clear_bss.o)
 .debug_aranges
                0x00000000000009c8       0x20 c:/avr-gcc-7.2.0-x64-mingw/bin/../lib/gcc/avr/7.2.0/avr5\libgcc.a(_udivmodhi4.o)

.debug_pubnames
 *(.debug_pubnames)

.debug_info     0x0000000000000000    0x119bf
 *(.debug_info .gnu.linkonce.wi.*)
 .debug_info    0x0000000000000000      0x9f4 c:/avr-gcc-7.2.0-x64-mingw/bin/../lib/gcc/avr/7.2.0/../../../../avr/lib/avr5/crtatmega32u4.o
 .debug_info    0x00000000000009f4      0x8a3 obj_gh60_lufa/keymap_poker.o
 .debug_info    0x0000000000001297      0x4ad obj_gh60_lufa/matrix.o
 .debug_info    0x0000000000001744       0x91 obj_gh60_lufa/led.o
 .debug_info    0x00000000000017d5     0x1773 obj_gh60_lufa/protocol/lufa/lufa.o
 .debug_info    0x0000000000002f48      0x959 obj_gh60_lufa/protocol/lufa/descriptor.o
 .debug_info    0x00000000000038a1      0x18c obj_gh60_lufa/protocol/lufa/LUFA-git/LUFA/Drivers/USB/Core/AVR8/Device_AVR8.o
 .debug_info    0x0000000000003a2d     0x17d8 obj_gh60_lufa/protocol/lufa/LUFA-git/LUFA/Drivers/USB/Core/AVR8/EndpointStream_AVR8.o
 .debug_info    0x0000000000005205      0x64a obj_gh60_lufa/protocol/lufa/LUFA-git/LUFA/Drivers/USB/Core/AVR8/Endpoint_AVR8.o
 .debug_info    0x000000000000584f      0x54a obj_gh60_lufa/protocol/lufa/LUFA-git/LUFA/Drivers/USB/Core/AVR8/USBController_AVR8.o
 .debug_info    0x0000000000005d99      0x875 obj_gh60_lufa/protocol/lufa/LUFA-git/LUFA/Drivers/USB/Core/AVR8/USBInterrupt_AVR8.o
 .debug_info    0x000000000000660e      0xa4a obj_gh60_lufa/protocol/lufa/LUFA-git/LUFA/Drivers/USB/Core/DeviceStandardReq.o
 .debug_info    0x0000000000007058      0x2a7 obj_gh60_lufa/protocol/lufa/LUFA-git/LUFA/Drivers/USB/Core/USBTask.o
 .debug_info    0x00000000000072ff      0x5f5 obj_gh60_lufa/common/host.o
 .debug_info    0x00000000000078f4      0x54f obj_gh60_lufa/common/keyboard.o
 .debug_info    0x0000000000007e43      0x1e9 obj_gh60_lufa/common/matrix.o
 .debug_info    0x000000000000802c     0x1904 obj_gh60_lufa/common/action.o
 .debug_info    0x0000000000009930      0xf21 obj_gh60_lufa/common/action_tapping.o
 .debug_info    0x000000000000a851      0xa33 obj_gh60_lufa/common/action_macro.o
 .debug_info    0x000000000000b284      0x927 obj_gh60_lufa/common/action_layer.o
 .debug_info    0x000000000000bbab      0x5d8 obj_gh60_lufa/common/action_util.o
 .debug_info    0x000000000000c183       0xda obj_gh60_lufa/common/print.o
 .debug_info    0x000000000000c25d      0x123 obj_gh60_lufa/common/debug.o
 .debug_info    0x000000000000c380      0x2a2 obj_gh60_lufa/common/util.o
 .debug_info    0x000000000000c622      0x1eb obj_gh60_lufa/common/hook.o
 .debug_info    0x000000000000c80d      0x5fa obj_gh60_lufa/common/avr/suspend.o
 .debug_info    0x000000000000ce07      0x20c obj_gh60_lufa/common/avr/timer.o
 .debug_info    0x000000000000d013      0x3a1 obj_gh60_lufa/common/avr/bootloader.o
 .debug_info    0x000000000000d3b4     0x1037 obj_gh60_lufa/common/keymap.o
 .debug_info    0x000000000000e3eb     0x1074 obj_gh60_lufa/common/bootmagic.o
 .debug_info    0x000000000000f45f      0x352 obj_gh60_lufa/common/avr/eeconfig.o
 .debug_info    0x000000000000f7b1      0x7e6 obj_gh60_lufa/common/mousekey.o
 .debug_info    0x000000000000ff97     0x191e obj_gh60_lufa/common/command.o
 .debug_info    0x00000000000118b5       0x26 c:/avr-gcc-7.2.0-x64-mingw/bin/../lib/gcc/avr/7.2.0/avr5\libgcc.a(_udivmodqi4.o)
 .debug_info    0x00000000000118db       0x26 c:/avr-gcc-7.2.0-x64-mingw/bin/../lib/gcc/avr/7.2.0/avr5\libgcc.a(_divmodhi4.o)
 .debug_info    0x0000000000011901       0x26 c:/avr-gcc-7.2.0-x64-mingw/bin/../lib/gcc/avr/7.2.0/avr5\libgcc.a(_exit.o)
 .debug_info    0x0000000000011927       0x26 c:/avr-gcc-7.2.0-x64-mingw/bin/../lib/gcc/avr/7.2.0/avr5\libgcc.a(_tablejump2.o)
 .debug_info    0x000000000001194d       0x26 c:/avr-gcc-7.2.0-x64-mingw/bin/../lib/gcc/avr/7.2.0/avr5\libgcc.a(_copy_data.o)
 .debug_info    0x0000000000011973       0x26 c:/avr-gcc-7.2.0-x64-mingw/bin/../lib/gcc/avr/7.2.0/avr5\libgcc.a(_clear_bss.o)
 .debug_info    0x0000000000011999       0x26 c:/avr-gcc-7.2.0-x64-mingw/bin/../lib/gcc/avr/7.2.0/avr5\libgcc.a(_udivmodhi4.o)

.debug_abbrev   0x0000000000000000     0x49d0
 *(.debug_abbrev)
 .debug_abbrev  0x0000000000000000      0x96a c:/avr-gcc-7.2.0-x64-mingw/bin/../lib/gcc/avr/7.2.0/../../../../avr/lib/avr5/crtatmega32u4.o
 .debug_abbrev  0x000000000000096a      0x102 obj_gh60_lufa/keymap_poker.o
 .debug_abbrev  0x0000000000000a6c      0x2b9 obj_gh60_lufa/matrix.o
 .debug_abbrev  0x0000000000000d25       0x60 obj_gh60_lufa/led.o
 .debug_abbrev  0x0000000000000d85      0x575 obj_gh60_lufa/protocol/lufa/lufa.o
 .debug_abbrev  0x00000000000012fa      0x1d9 obj_gh60_lufa/protocol/lufa/descriptor.o
 .debug_abbrev  0x00000000000014d3       0xb6 obj_gh60_lufa/protocol/lufa/LUFA-git/LUFA/Drivers/USB/Core/AVR8/Device_AVR8.o
 .debug_abbrev  0x0000000000001589      0x20a obj_gh60_lufa/protocol/lufa/LUFA-git/LUFA/Drivers/USB/Core/AVR8/EndpointStream_AVR8.o
 .debug_abbrev  0x0000000000001793      0x251 obj_gh60_lufa/protocol/lufa/LUFA-git/LUFA/Drivers/USB/Core/AVR8/Endpoint_AVR8.o
 .debug_abbrev  0x00000000000019e4      0x1af obj_gh60_lufa/protocol/lufa/LUFA-git/LUFA/Drivers/USB/Core/AVR8/USBController_AVR8.o
 .debug_abbrev  0x0000000000001b93      0x231 obj_gh60_lufa/protocol/lufa/LUFA-git/LUFA/Drivers/USB/Core/AVR8/USBInterrupt_AVR8.o
 .debug_abbrev  0x0000000000001dc4      0x2ef obj_gh60_lufa/protocol/lufa/LUFA-git/LUFA/Drivers/USB/Core/DeviceStandardReq.o
 .debug_abbrev  0x00000000000020b3      0x198 obj_gh60_lufa/protocol/lufa/LUFA-git/LUFA/Drivers/USB/Core/USBTask.o
 .debug_abbrev  0x000000000000224b      0x203 obj_gh60_lufa/common/host.o
 .debug_abbrev  0x000000000000244e      0x1f7 obj_gh60_lufa/common/keyboard.o
 .debug_abbrev  0x0000000000002645      0x165 obj_gh60_lufa/common/matrix.o
 .debug_abbrev  0x00000000000027aa      0x2f0 obj_gh60_lufa/common/action.o
 .debug_abbrev  0x0000000000002a9a      0x303 obj_gh60_lufa/common/action_tapping.o
 .debug_abbrev  0x0000000000002d9d      0x205 obj_gh60_lufa/common/action_macro.o
 .debug_abbrev  0x0000000000002fa2      0x2d3 obj_gh60_lufa/common/action_layer.o
 .debug_abbrev  0x0000000000003275      0x287 obj_gh60_lufa/common/action_util.o
 .debug_abbrev  0x00000000000034fc       0x97 obj_gh60_lufa/common/print.o
 .debug_abbrev  0x0000000000003593       0xad obj_gh60_lufa/common/debug.o
 .debug_abbrev  0x0000000000003640       0xcb obj_gh60_lufa/common/util.o
 .debug_abbrev  0x000000000000370b      0x15e obj_gh60_lufa/common/hook.o
 .debug_abbrev  0x0000000000003869      0x298 obj_gh60_lufa/common/avr/suspend.o
 .debug_abbrev  0x0000000000003b01      0x12b obj_gh60_lufa/common/avr/timer.o
 .debug_abbrev  0x0000000000003c2c      0x1ff obj_gh60_lufa/common/avr/bootloader.o
 .debug_abbrev  0x0000000000003e2b      0x298 obj_gh60_lufa/common/keymap.o
 .debug_abbrev  0x00000000000040c3      0x294 obj_gh60_lufa/common/bootmagic.o
 .debug_abbrev  0x0000000000004357       0xc2 obj_gh60_lufa/common/avr/eeconfig.o
 .debug_abbrev  0x0000000000004419      0x206 obj_gh60_lufa/common/mousekey.o
 .debug_abbrev  0x000000000000461f      0x325 obj_gh60_lufa/common/command.o
 .debug_abbrev  0x0000000000004944       0x14 c:/avr-gcc-7.2.0-x64-mingw/bin/../lib/gcc/avr/7.2.0/avr5\libgcc.a(_udivmodqi4.o)
 .debug_abbrev  0x0000000000004958       0x14 c:/avr-gcc-7.2.0-x64-mingw/bin/../lib/gcc/avr/7.2.0/avr5\libgcc.a(_divmodhi4.o)
 .debug_abbrev  0x000000000000496c       0x14 c:/avr-gcc-7.2.0-x64-mingw/bin/../lib/gcc/avr/7.2.0/avr5\libgcc.a(_exit.o)
 .debug_abbrev  0x0000000000004980       0x14 c:/avr-gcc-7.2.0-x64-mingw/bin/../lib/gcc/avr/7.2.0/avr5\libgcc.a(_tablejump2.o)
 .debug_abbrev  0x0000000000004994       0x14 c:/avr-gcc-7.2.0-x64-mingw/bin/../lib/gcc/avr/7.2.0/avr5\libgcc.a(_copy_data.o)
 .debug_abbrev  0x00000000000049a8       0x14 c:/avr-gcc-7.2.0-x64-mingw/bin/../lib/gcc/avr/7.2.0/avr5\libgcc.a(_clear_bss.o)
 .debug_abbrev  0x00000000000049bc       0x14 c:/avr-gcc-7.2.0-x64-mingw/bin/../lib/gcc/avr/7.2.0/avr5\libgcc.a(_udivmodhi4.o)

.debug_line     0x0000000000000000     0x845f
 *(.debug_line .debug_line.* .debug_line_end)
 .debug_line    0x0000000000000000       0x1d c:/avr-gcc-7.2.0-x64-mingw/bin/../lib/gcc/avr/7.2.0/../../../../avr/lib/avr5/crtatmega32u4.o
 .debug_line    0x000000000000001d       0xc1 obj_gh60_lufa/keymap_poker.o
 .debug_line    0x00000000000000de      0x3ea obj_gh60_lufa/matrix.o
 .debug_line    0x00000000000004c8       0x6f obj_gh60_lufa/led.o
 .debug_line    0x0000000000000537      0xb07 obj_gh60_lufa/protocol/lufa/lufa.o
 .debug_line    0x000000000000103e      0x2a1 obj_gh60_lufa/protocol/lufa/descriptor.o
 .debug_line    0x00000000000012df      0x1e5 obj_gh60_lufa/protocol/lufa/LUFA-git/LUFA/Drivers/USB/Core/AVR8/Device_AVR8.o
 .debug_line    0x00000000000014c4     0x1446 obj_gh60_lufa/protocol/lufa/LUFA-git/LUFA/Drivers/USB/Core/AVR8/EndpointStream_AVR8.o
 .debug_line    0x000000000000290a      0x56f obj_gh60_lufa/protocol/lufa/LUFA-git/LUFA/Drivers/USB/Core/AVR8/Endpoint_AVR8.o
 .debug_line    0x0000000000002e79      0x39a obj_gh60_lufa/protocol/lufa/LUFA-git/LUFA/Drivers/USB/Core/AVR8/USBController_AVR8.o
 .debug_line    0x0000000000003213      0x608 obj_gh60_lufa/protocol/lufa/LUFA-git/LUFA/Drivers/USB/Core/AVR8/USBInterrupt_AVR8.o
 .debug_line    0x000000000000381b      0x51e obj_gh60_lufa/protocol/lufa/LUFA-git/LUFA/Drivers/USB/Core/DeviceStandardReq.o
 .debug_line    0x0000000000003d39      0x1df obj_gh60_lufa/protocol/lufa/LUFA-git/LUFA/Drivers/USB/Core/USBTask.o
 .debug_line    0x0000000000003f18      0x272 obj_gh60_lufa/common/host.o
 .debug_line    0x000000000000418a      0x24a obj_gh60_lufa/common/keyboard.o
 .debug_line    0x00000000000043d4      0x13b obj_gh60_lufa/common/matrix.o
 .debug_line    0x000000000000450f      0x9c3 obj_gh60_lufa/common/action.o
 .debug_line    0x0000000000004ed2      0x592 obj_gh60_lufa/common/action_tapping.o
 .debug_line    0x0000000000005464      0x21e obj_gh60_lufa/common/action_macro.o
 .debug_line    0x0000000000005682      0x31d obj_gh60_lufa/common/action_layer.o
 .debug_line    0x000000000000599f      0x35a obj_gh60_lufa/common/action_util.o
 .debug_line    0x0000000000005cf9       0xb4 obj_gh60_lufa/common/print.o
 .debug_line    0x0000000000005dad       0xa3 obj_gh60_lufa/common/debug.o
 .debug_line    0x0000000000005e50      0x2a2 obj_gh60_lufa/common/util.o
 .debug_line    0x00000000000060f2       0xd6 obj_gh60_lufa/common/hook.o
 .debug_line    0x00000000000061c8      0x329 obj_gh60_lufa/common/avr/suspend.o
 .debug_line    0x00000000000064f1      0x20a obj_gh60_lufa/common/avr/timer.o
 .debug_line    0x00000000000066fb      0x295 obj_gh60_lufa/common/avr/bootloader.o
 .debug_line    0x0000000000006990      0x3d0 obj_gh60_lufa/common/keymap.o
 .debug_line    0x0000000000006d60      0x3ef obj_gh60_lufa/common/bootmagic.o
 .debug_line    0x000000000000714f      0x1a7 obj_gh60_lufa/common/avr/eeconfig.o
 .debug_line    0x00000000000072f6      0x688 obj_gh60_lufa/common/mousekey.o
 .debug_line    0x000000000000797e      0x6ba obj_gh60_lufa/common/command.o
 .debug_line    0x0000000000008038       0x9d c:/avr-gcc-7.2.0-x64-mingw/bin/../lib/gcc/avr/7.2.0/avr5\libgcc.a(_udivmodqi4.o)
 .debug_line    0x00000000000080d5       0xc7 c:/avr-gcc-7.2.0-x64-mingw/bin/../lib/gcc/avr/7.2.0/avr5\libgcc.a(_divmodhi4.o)
 .debug_line    0x000000000000819c       0x61 c:/avr-gcc-7.2.0-x64-mingw/bin/../lib/gcc/avr/7.2.0/avr5\libgcc.a(_exit.o)
 .debug_line    0x00000000000081fd       0x79 c:/avr-gcc-7.2.0-x64-mingw/bin/../lib/gcc/avr/7.2.0/avr5\libgcc.a(_tablejump2.o)
 .debug_line    0x0000000000008276       0x97 c:/avr-gcc-7.2.0-x64-mingw/bin/../lib/gcc/avr/7.2.0/avr5\libgcc.a(_copy_data.o)
 .debug_line    0x000000000000830d       0x85 c:/avr-gcc-7.2.0-x64-mingw/bin/../lib/gcc/avr/7.2.0/avr5\libgcc.a(_clear_bss.o)
 .debug_line    0x0000000000008392       0xcd c:/avr-gcc-7.2.0-x64-mingw/bin/../lib/gcc/avr/7.2.0/avr5\libgcc.a(_udivmodhi4.o)

.debug_frame    0x0000000000000000     0x1a50
 *(.debug_frame)
 .debug_frame   0x0000000000000000       0x84 obj_gh60_lufa/matrix.o
 .debug_frame   0x0000000000000084       0x24 obj_gh60_lufa/led.o
 .debug_frame   0x00000000000000a8      0x188 obj_gh60_lufa/protocol/lufa/lufa.o
 .debug_frame   0x0000000000000230       0x24 obj_gh60_lufa/protocol/lufa/descriptor.o
 .debug_frame   0x0000000000000254       0x24 obj_gh60_lufa/protocol/lufa/LUFA-git/LUFA/Drivers/USB/Core/AVR8/Device_AVR8.o
 .debug_frame   0x0000000000000278      0x474 obj_gh60_lufa/protocol/lufa/LUFA-git/LUFA/Drivers/USB/Core/AVR8/EndpointStream_AVR8.o
 .debug_frame   0x00000000000006ec       0x7c obj_gh60_lufa/protocol/lufa/LUFA-git/LUFA/Drivers/USB/Core/AVR8/Endpoint_AVR8.o
 .debug_frame   0x0000000000000768       0x5c obj_gh60_lufa/protocol/lufa/LUFA-git/LUFA/Drivers/USB/Core/AVR8/USBController_AVR8.o
 .debug_frame   0x00000000000007c4      0x104 obj_gh60_lufa/protocol/lufa/LUFA-git/LUFA/Drivers/USB/Core/AVR8/USBInterrupt_AVR8.o
 .debug_frame   0x00000000000008c8       0x3c obj_gh60_lufa/protocol/lufa/LUFA-git/LUFA/Drivers/USB/Core/DeviceStandardReq.o
 .debug_frame   0x0000000000000904       0x2c obj_gh60_lufa/protocol/lufa/LUFA-git/LUFA/Drivers/USB/Core/USBTask.o
 .debug_frame   0x0000000000000930      0x110 obj_gh60_lufa/common/host.o
 .debug_frame   0x0000000000000a40       0xb4 obj_gh60_lufa/common/keyboard.o
 .debug_frame   0x0000000000000af4       0xe4 obj_gh60_lufa/common/matrix.o
 .debug_frame   0x0000000000000bd8      0x170 obj_gh60_lufa/common/action.o
 .debug_frame   0x0000000000000d48       0xe8 obj_gh60_lufa/common/action_tapping.o
 .debug_frame   0x0000000000000e30       0x50 obj_gh60_lufa/common/action_macro.o
 .debug_frame   0x0000000000000e80      0x1ec obj_gh60_lufa/common/action_layer.o
 .debug_frame   0x000000000000106c      0x144 obj_gh60_lufa/common/action_util.o
 .debug_frame   0x00000000000011b0       0x24 obj_gh60_lufa/common/print.o
 .debug_frame   0x00000000000011d4      0x110 obj_gh60_lufa/common/util.o
 .debug_frame   0x00000000000012e4       0x88 obj_gh60_lufa/common/hook.o
 .debug_frame   0x000000000000136c       0x90 obj_gh60_lufa/common/avr/suspend.o
 .debug_frame   0x00000000000013fc       0xcc obj_gh60_lufa/common/avr/timer.o
 .debug_frame   0x00000000000014c8       0x34 obj_gh60_lufa/common/avr/bootloader.o
 .debug_frame   0x00000000000014fc       0x74 obj_gh60_lufa/common/keymap.o
 .debug_frame   0x0000000000001570       0x90 obj_gh60_lufa/common/bootmagic.o
 .debug_frame   0x0000000000001600       0xb4 obj_gh60_lufa/common/avr/eeconfig.o
 .debug_frame   0x00000000000016b4       0xf0 obj_gh60_lufa/common/mousekey.o
 .debug_frame   0x00000000000017a4      0x2ac obj_gh60_lufa/common/command.o

.debug_str      0x0000000000000000     0x421f
 *(.debug_str)
 .debug_str     0x0000000000000000      0x371 c:/avr-gcc-7.2.0-x64-mingw/bin/../lib/gcc/avr/7.2.0/../../../../avr/lib/avr5/crtatmega32u4.o
 .debug_str     0x0000000000000371      0xd4f obj_gh60_lufa/keymap_poker.o
                                        0xd99 (size before relaxing)
 .debug_str     0x00000000000010c0       0xdd obj_gh60_lufa/matrix.o
                                        0x2d9 (size before relaxing)
 .debug_str     0x000000000000119d       0x16 obj_gh60_lufa/led.o
                                        0x1a2 (size before relaxing)
 .debug_str     0x00000000000011b3      0x8c9 obj_gh60_lufa/protocol/lufa/lufa.o
                                        0xbb4 (size before relaxing)
 .debug_str     0x0000000000001a7c      0x7a4 obj_gh60_lufa/protocol/lufa/descriptor.o
                                        0xaa1 (size before relaxing)
 .debug_str     0x0000000000002220       0x7b obj_gh60_lufa/protocol/lufa/LUFA-git/LUFA/Drivers/USB/Core/AVR8/Device_AVR8.o
                                        0x307 (size before relaxing)
 .debug_str     0x000000000000229b      0x4fd obj_gh60_lufa/protocol/lufa/LUFA-git/LUFA/Drivers/USB/Core/AVR8/EndpointStream_AVR8.o
                                        0x8fb (size before relaxing)
 .debug_str     0x0000000000002798      0x22a obj_gh60_lufa/protocol/lufa/LUFA-git/LUFA/Drivers/USB/Core/AVR8/Endpoint_AVR8.o
                                        0x6bb (size before relaxing)
 .debug_str     0x00000000000029c2      0x19e obj_gh60_lufa/protocol/lufa/LUFA-git/LUFA/Drivers/USB/Core/AVR8/USBController_AVR8.o
                                        0x5df (size before relaxing)
 .debug_str     0x0000000000002b60      0x129 obj_gh60_lufa/protocol/lufa/LUFA-git/LUFA/Drivers/USB/Core/AVR8/USBInterrupt_AVR8.o
                                        0x6af (size before relaxing)
 .debug_str     0x0000000000002c89      0x417 obj_gh60_lufa/protocol/lufa/LUFA-git/LUFA/Drivers/USB/Core/DeviceStandardReq.o
                                        0xa0f (size before relaxing)
 .debug_str     0x00000000000030a0       0x6e obj_gh60_lufa/protocol/lufa/LUFA-git/LUFA/Drivers/USB/Core/USBTask.o
                                        0x40e (size before relaxing)
 .debug_str     0x000000000000310e       0xb9 obj_gh60_lufa/common/host.o
                                        0x3a4 (size before relaxing)
 .debug_str     0x00000000000031c7      0x193 obj_gh60_lufa/common/keyboard.o
                                        0x462 (size before relaxing)
 .debug_str     0x000000000000335a       0x66 obj_gh60_lufa/common/matrix.o
                                        0x23d (size before relaxing)
 .debug_str     0x00000000000033c0      0x533 obj_gh60_lufa/common/action.o
                                       0x14db (size before relaxing)
 .debug_str     0x00000000000038f3       0xec obj_gh60_lufa/common/action_tapping.o
                                        0xdd4 (size before relaxing)
 .debug_str     0x00000000000039df       0x99 obj_gh60_lufa/common/action_macro.o
                                        0xba1 (size before relaxing)
 .debug_str     0x0000000000003a78       0xb5 obj_gh60_lufa/common/action_layer.o
                                        0x4ba (size before relaxing)
 .debug_str     0x0000000000003b2d       0x95 obj_gh60_lufa/common/action_util.o
                                        0x3b9 (size before relaxing)
 .debug_str     0x0000000000003bc2       0x2c obj_gh60_lufa/common/print.o
                                        0x1dc (size before relaxing)
 .debug_str     0x0000000000003bee       0x1e obj_gh60_lufa/common/debug.o
                                        0x1fc (size before relaxing)
 .debug_str     0x0000000000003c0c       0x5e obj_gh60_lufa/common/util.o
                                        0x208 (size before relaxing)
 .debug_str     0x0000000000003c6a       0x2c obj_gh60_lufa/common/hook.o
                                        0x2a0 (size before relaxing)
 .debug_str     0x0000000000003c96       0x4e obj_gh60_lufa/common/avr/suspend.o
                                        0x536 (size before relaxing)
 .debug_str     0x0000000000003ce4       0x6a obj_gh60_lufa/common/avr/timer.o
                                        0x22f (size before relaxing)
 .debug_str     0x0000000000003d4e       0x77 obj_gh60_lufa/common/avr/bootloader.o
                                        0x399 (size before relaxing)
 .debug_str     0x0000000000003dc5       0xf5 obj_gh60_lufa/common/keymap.o
                                       0x1167 (size before relaxing)
 .debug_str     0x0000000000003eba       0xe4 obj_gh60_lufa/common/bootmagic.o
                                        0xe62 (size before relaxing)